Archive member included to satisfy reference by file (symbol)

/home/julian/lib/dusk/src/dusk/lib/libdusk.a(load.o)
                              src/logo.o (dusk_load_atlas)
/home/julian/lib/dusk/src/dusk/lib/libdusk.a(sprites.o)
                              src/logo.o (dusk_sprites_init)
/home/julian/lib/dusk/src/dusk/lib/libdusk.a(sys.o)
                              src/main.o (dusk_init_all)
/home/julian/lib/dusk/src/dusk/lib/libdusk.a(initMapRegisters.o)
                              src/game.o (map_init_registers)
/home/julian/lib/dusk/src/dusk/lib/libdusk.a(libgbfs.o)
                              /home/julian/lib/dusk/src/dusk/lib/libdusk.a(load.o) (find_first_gbfs_file)
/home/julian/lib/dusk/src/dusk/lib/libdusk.a(loadMapFromROM.o)
                              /home/julian/lib/dusk/src/dusk/lib/libdusk.a(load.o) (map_load_from_rom)
/home/julian/lib/dusk/src/dusk/lib/libdusk.a(loadObject.o)
                              /home/julian/lib/dusk/src/dusk/lib/libdusk.a(loadMapFromROM.o) (map_load_object)
/home/julian/lib/dusk/src/dusk/lib/libdusk.a(loadObjectID.o)
                              /home/julian/lib/dusk/src/dusk/lib/libdusk.a(loadObject.o) (map_load_object_id)
/home/julian/lib/dusk/src/dusk/lib/libdusk.a(loadPosition.o)
                              /home/julian/lib/dusk/src/dusk/lib/libdusk.a(loadObject.o) (map_load_object_position)
/home/julian/lib/dusk/src/dusk/lib/libdusk.a(loadString.o)
                              /home/julian/lib/dusk/src/dusk/lib/libdusk.a(loadObject.o) (map_load_string)
/home/julian/lib/dusk/src/dusk/lib/libdusk.a(popValue.o)
                              /home/julian/lib/dusk/src/dusk/lib/libdusk.a(loadObjectID.o) (map_pop_value)
/home/julian/lib/dusk/src/dusk/lib/libdusk.a(setMapOnScreen.o)
                              src/game.o (map_set_onscreen)
/home/julian/lib/dusk/src/dusk/lib/libdusk.a(shiftMap.o)
                              src/game.o (map_shift)
/home/julian/lib/dusk/src/dusk/lib/libdusk.a(shiftMapLayer.o)
                              /home/julian/lib/dusk/src/dusk/lib/libdusk.a(shiftMap.o) (map_shift_layer)
/opt/devkitpro/libtonc/lib/libtonc.a(tonc_color.o)
                              src/logo.o (pal_gradient_ex)
/opt/devkitpro/libtonc/lib/libtonc.a(tonc_irq.o)
                              /home/julian/lib/dusk/src/dusk/lib/libdusk.a(sys.o) (irq_init)
/opt/devkitpro/libtonc/lib/libtonc.a(tonc_oam.o)
                              /home/julian/lib/dusk/src/dusk/lib/libdusk.a(sprites.o) (oam_init)
/opt/devkitpro/libtonc/lib/libtonc.a(tonc_input.o)
                              src/main.o (key_poll)
/opt/devkitpro/libtonc/lib/libtonc.a(tte_init_chr4c.o)
                              src/logo.o (tte_init_chr4c)
/opt/devkitpro/libtonc/lib/libtonc.a(tte_main.o)
                              /opt/devkitpro/libtonc/lib/libtonc.a(tte_init_chr4c.o) (tte_init_base)
/opt/devkitpro/libtonc/lib/libtonc.a(chr4c_drawg_b1cts.o)
                              /opt/devkitpro/libtonc/lib/libtonc.a(tte_init_chr4c.o) (chr4c_drawg_b1cts)
/opt/devkitpro/libtonc/lib/libtonc.a(tte_iohook.o)
                              src/logo.o (tte_init_con)
/opt/devkitpro/libtonc/lib/libtonc.a(tonc_bios.o)
                              /home/julian/lib/dusk/src/dusk/lib/libdusk.a(sys.o) (VBlankIntrWait)
/opt/devkitpro/libtonc/lib/libtonc.a(tonc_memcpy.o)
                              /home/julian/lib/dusk/src/dusk/lib/libdusk.a(sprites.o) (memcpy32)
/opt/devkitpro/libtonc/lib/libtonc.a(tonc_bios_ex.o)
                              /opt/devkitpro/libtonc/lib/libtonc.a(tte_main.o) (VBlankIntrDelay)
/opt/devkitpro/libtonc/lib/libtonc.a(div_lut.o)
                              /opt/devkitpro/libtonc/lib/libtonc.a(tonc_color.o) (div_lut)
/opt/devkitpro/libtonc/lib/libtonc.a(tonc_nocash.o)
                              /opt/devkitpro/libtonc/lib/libtonc.a(tte_iohook.o) (nocash_message)
/opt/devkitpro/libtonc/lib/libtonc.a(tonc_isr_master.o)
                              /opt/devkitpro/libtonc/lib/libtonc.a(tonc_irq.o) (isr_master)
/opt/devkitpro/libtonc/lib/libtonc.a(tonc_memset.o)
                              /home/julian/lib/dusk/src/dusk/lib/libdusk.a(sys.o) (memset32)
/opt/devkitpro/libtonc/lib/libtonc.a(verdana9.o)
                              /opt/devkitpro/libtonc/lib/libtonc.a(tte_init_chr4c.o) (verdana9Font)
/opt/devkitpro/libtonc/lib/libtonc.a(sys8.o)
                              /opt/devkitpro/libtonc/lib/libtonc.a(tte_main.o) (sys8Font)
/opt/devkitpro/libtonc/lib/libtonc.a(tonc_schr4c.o)
                              /opt/devkitpro/libtonc/lib/libtonc.a(tte_init_chr4c.o) (schr4c_rect)
/opt/devkitpro/libtonc/lib/libtonc.a(tonc_surface.o)
                              /opt/devkitpro/libtonc/lib/libtonc.a(tte_init_chr4c.o) (srf_init)
/opt/devkitpro/devkitARM/bin/../lib/gcc/arm-none-eabi/12.2.0/thumb/libgcc.a(_udivsi3.o)
                              /home/julian/lib/dusk/src/dusk/lib/libdusk.a(sprites.o) (__aeabi_uidivmod)
[...]
Memory Configuration

Name             Origin             Length             Attributes
rom              0x0000000008000000 0x0000000002000000
iwram            0x0000000003000000 0x0000000000008000
ewram            0x0000000002000000 0x0000000000040000
*default*        0x0000000000000000 0xffffffffffffffff

Linker script and memory map

                0x0000000008000000                __text_start = ORIGIN (rom)
                0x0000000002040000                __eheap_end = (ORIGIN (ewram) + LENGTH (ewram))
                0x0000000003000000                __iwram_start = ORIGIN (iwram)
                0x0000000003008000                __iwram_top = (ORIGIN (iwram) + LENGTH (iwram))
                0x0000000003007fa0                __sp_irq = (__iwram_top - 0x60)
                0x0000000003007f00                __sp_usr = (__sp_irq - 0xa0)
                0x0000000003007ff8                __irq_flags = 0x3007ff8
                0x0000000008000000                . = __text_start

.crt0           0x0000000008000000      0x210
 *(.crt0)
 .crt0          0x0000000008000000      0x210 /opt/devkitpro/devkitARM/bin/../lib/gcc/arm-none-eabi/12.2.0/../../../../arm-none-eabi/lib/thumb/gba_crt0.o
                0x0000000008000000                _start
                0x00000000080000c4                __boot_method
                0x00000000080000c5                __slave_number
                0x00000000080000e0                start_vector
                0x0000000008000210                . = ALIGN (0x4)

.init           0x0000000008000210        0xc
 *(SORT_NONE(.init))
 .init          0x0000000008000210        0x4 /opt/devkitpro/devkitARM/bin/../lib/gcc/arm-none-eabi/12.2.0/thumb/crti.o
                0x0000000008000210                _init
 .init          0x0000000008000214        0x8 /opt/devkitpro/devkitARM/bin/../lib/gcc/arm-none-eabi/12.2.0/thumb/crtn.o

.plt            0x000000000800021c        0x0
 *(.plt)
                0x000000000800021c                . = ALIGN (0x4)

.text           0x0000000008000220     0xade8
 *(EXCLUDE_FILE(*.iwram*) .text*)
 .text.__do_global_dtors_aux
                0x0000000008000220       0x2c /opt/devkitpro/devkitARM/bin/../lib/gcc/arm-none-eabi/12.2.0/thumb/crtbegin.o
 .text.frame_dummy
                0x000000000800024c       0x24 /opt/devkitpro/devkitARM/bin/../lib/gcc/arm-none-eabi/12.2.0/thumb/crtbegin.o
 .text          0x0000000008000270       0x64 src/tonc_mgba.o
                0x0000000008000270                mgba_log
 .text          0x00000000080002d4      0x180 src/logo.o
                0x00000000080002d4                logo_end
                0x00000000080002e0                logo_start
                0x00000000080003c4                logo_update
 .text          0x0000000008000454      0x51c src/game.o
                0x0000000008000454                game_end
                0x0000000008000458                game_update
                0x00000000080005b8                itoa_simple
                0x0000000008000660                logColliderLocations
                0x000000000800084c                game_start
                0x000000000800091c                pointInRect
 .text.startup  0x0000000008000970       0x1c src/main.o
                0x0000000008000970                main
 .text          0x000000000800098c      0x330 /home/julian/lib/dusk/src/dusk/lib/libdusk.a(load.o)
                0x000000000800098c                dusk_load_init
                0x00000000080009a8                dusk_load_raw
                0x00000000080009c4                dusk_load_image
                0x0000000008000a48                dusk_load_atlas
                0x0000000008000ab4                seek_until_null
                0x0000000008000acc                dusk_load_atlas_layout
                0x0000000008000c30                dusk_load_atlas_entry
                0x0000000008000c64                dusk_free_atlas_layout
                0x0000000008000c7c                dusk_load_map
 .text          0x0000000008000cbc      0x528 /home/julian/lib/dusk/src/dusk/lib/libdusk.a(sprites.o)
                0x0000000008000cbc                dusk_sprites_init
                0x0000000008000cf8                dusk_sprites_configure
                0x0000000008000d04                dusk_sprites_upload_atlas
                0x0000000008000d28                dusk_sprites_upload_atlas_section
                0x0000000008000e04                dusk_sprites_make
                0x0000000008000f78                dusk_sprites_sync
                0x0000000008001008                dusk_sprites_update
                0x00000000080010c4                dusk_sprites_anim_play
                0x0000000008001108                dusk_sprites_pos_to_tid
                0x0000000008001114                enable_bg
                0x0000000008001130                dusk_get_background_register
                0x0000000008001144                dusk_background_upload_raw
                0x0000000008001184                dusk_background_make
 .text          0x00000000080011e4      0x1b8 /home/julian/lib/dusk/src/dusk/lib/libdusk.a(sys.o)
                0x00000000080011e8                dusk_clear_vidmem
                0x0000000008001220                dusk_reset_irq
                0x0000000008001238                dusk_init_all
                0x00000000080012a8                dusk_init_graphics_mode0
                0x0000000008001308                dusk_init_graphics_mode3
                0x0000000008001318                dusk_frame
                0x0000000008001330                dusk_scene_set
                0x0000000008001358                dusk_scene_update
 .text          0x000000000800139c       0x20 /home/julian/lib/dusk/src/dusk/lib/libdusk.a(initMapRegisters.o)
                0x000000000800139c                map_init_registers
 .text          0x00000000080013bc      0x19c /home/julian/lib/dusk/src/dusk/lib/libdusk.a(libgbfs.o)
                0x00000000080013cc                find_first_gbfs_file
                0x0000000008001474                skip_gbfs_file
                0x000000000800147c                gbfs_get_obj
                0x00000000080014c4                gbfs_get_nth_obj
                0x0000000008001504                gbfs_copy_obj
                0x000000000800154c                gbfs_count_objs
 .text          0x0000000008001558      0x170 /home/julian/lib/dusk/src/dusk/lib/libdusk.a(loadMapFromROM.o)
                0x0000000008001558                map_load_from_rom
 .text          0x00000000080016c8       0x48 /home/julian/lib/dusk/src/dusk/lib/libdusk.a(loadObject.o)
                0x00000000080016c8                map_load_object
 .text          0x0000000008001710       0x20 /home/julian/lib/dusk/src/dusk/lib/libdusk.a(loadObjectID.o)
                0x0000000008001710                map_load_object_id
 .text          0x0000000008001730       0x24 /home/julian/lib/dusk/src/dusk/lib/libdusk.a(loadPosition.o)
                0x0000000008001730                map_load_object_position
 .text          0x0000000008001754       0x1c /home/julian/lib/dusk/src/dusk/lib/libdusk.a(loadString.o)
                0x0000000008001754                map_load_string
 .text          0x0000000008001770        0xc /home/julian/lib/dusk/src/dusk/lib/libdusk.a(popValue.o)
                0x0000000008001770                map_pop_value
 .text          0x000000000800177c       0xf0 /home/julian/lib/dusk/src/dusk/lib/libdusk.a(setMapOnScreen.o)
                0x000000000800177c                map_set_onscreen
 .text          0x000000000800186c       0x38 /home/julian/lib/dusk/src/dusk/lib/libdusk.a(shiftMap.o)
                0x000000000800186c                map_shift
 .text          0x00000000080018a4       0x10 /home/julian/lib/dusk/src/dusk/lib/libdusk.a(shiftMapLayer.o)
                0x00000000080018a4                map_shift_layer
 .text          0x00000000080018b4      0x5c8 /opt/devkitpro/libtonc/lib/libtonc.a(tonc_color.o)
                0x00000000080018b4                clr_rotate
                0x0000000008001948                clr_blend
                0x00000000080019ec                clr_fade
                0x0000000008001a80                clr_grayscale
                0x0000000008001b00                clr_rgbscale
                0x0000000008001bcc                pal_gradient
                0x0000000008001cc4                pal_gradient_ex
                0x0000000008001cdc                clr_adj_brightness
                0x0000000008001d3c                clr_adj_contrast
                0x0000000008001dd0                clr_adj_intensity
 .text          0x0000000008001e7c      0x354 /opt/devkitpro/libtonc/lib/libtonc.a(tonc_irq.o)
                0x0000000008001e7c                irq_init
                0x0000000008001ec0                irq_set_master
                0x0000000008001eec                irq_set
                0x0000000008002014                irq_add
                0x000000000800208c                irq_delete
                0x0000000008002140                irq_enable
                0x0000000008002188                irq_disable
 .text          0x00000000080021d0       0xbc /opt/devkitpro/libtonc/lib/libtonc.a(tonc_oam.o)
                0x00000000080021d0                oam_init
                0x0000000008002218                obj_copy
                0x0000000008002238                obj_hide_multi
                0x0000000008002260                obj_unhide_multi
 .text          0x000000000800228c       0xa8 /opt/devkitpro/libtonc/lib/libtonc.a(tonc_input.o)
                0x000000000800228c                key_poll
                0x00000000080022e0                key_wait_till_hit
                0x0000000008002304                key_repeat
                0x0000000008002310                key_repeat_mask
                0x0000000008002320                key_repeat_limits
 .text          0x0000000008002334      0x10c /opt/devkitpro/libtonc/lib/libtonc.a(tte_init_chr4c.o)
                0x0000000008002334                chr4c_erase
                0x000000000800235c                tte_init_chr4c
 .text          0x0000000008002440      0x958 /opt/devkitpro/libtonc/lib/libtonc.a(tte_main.o)
                0x0000000008002440                dummy_drawg
                0x0000000008002444                dummy_erase
                0x0000000008002448                tte_set_context
                0x0000000008002460                tte_set_color_attr
                0x0000000008002470                tte_set_color_attrs
                0x000000000800248c                tte_set_color
                0x00000000080024ac                tte_set_colors
                0x00000000080024ec                tte_init_base
                0x0000000008002580                utf8_decode_char
                0x0000000008002634                tte_cmd_skip
                0x0000000008002644                tte_cmd_next
                0x000000000800267c                tte_putc
                0x00000000080026cc                tte_erase_rect
                0x00000000080026e8                tte_erase_screen
                0x000000000800270c                tte_erase_line
                0x0000000008002734                tte_cmd_default
                0x0000000008002b88                tte_write
                0x0000000008002c74                tte_write_ex
                0x0000000008002ca4                tte_get_text_size
                0x0000000008002d78                tte_set_margins
 .text          0x0000000008002d98      0x134 /opt/devkitpro/libtonc/lib/libtonc.a(chr4c_drawg_b1cts.o)
                0x0000000008002d98                chr4c_drawg_b1cts
 .text          0x0000000008002ecc      0x354 /opt/devkitpro/libtonc/lib/libtonc.a(tte_iohook.o)
                0x0000000008002ecc                tte_con_nocash
                0x0000000008002f38                tte_init_con
                0x0000000008002f7c                tte_cmd_vt100
                0x00000000080030d4                tte_con_write
 .text          0x0000000008003220       0x8c /opt/devkitpro/libtonc/lib/libtonc.a(tonc_bios.o)
                0x0000000008003220                SoftReset
                0x0000000008003224                RegisterRamReset
                0x0000000008003228                Halt
                0x000000000800322c                Stop
                0x0000000008003230                IntrWait
                0x0000000008003234                VBlankIntrWait
                0x0000000008003238                Div
                0x000000000800323c                DivArm
                0x0000000008003240                Sqrt
                0x0000000008003244                ArcTan
                0x0000000008003248                ArcTan2
                0x000000000800324c                CpuSet
                0x0000000008003250                CpuFastSet
                0x0000000008003254                BiosCheckSum
                0x0000000008003258                BgAffineSet
                0x000000000800325c                ObjAffineSet
                0x0000000008003260                BitUnPack
                0x0000000008003264                LZ77UnCompWram
                0x0000000008003268                LZ77UnCompVram
                0x000000000800326c                HuffUnComp
                0x0000000008003270                RLUnCompWram
                0x0000000008003274                RLUnCompVram
                0x0000000008003278                Diff8bitUnFilterWram
                0x000000000800327c                Diff8bitUnFilterVram
                0x0000000008003280                Diff16bitUnFilter
                0x0000000008003284                SoundBias
                0x0000000008003288                SoundDriverInit
                0x000000000800328c                SoundDriverMode
                0x0000000008003290                SoundDriverMain
                0x0000000008003294                SoundDriverVSync
                0x0000000008003298                SoundChannelClear
                0x000000000800329c                MidiKey2Freq
                0x00000000080032a0                MultiBoot
                0x00000000080032a4                SoundDriverVSyncOff
                0x00000000080032a8                SoundDriverVSyncOn
 .text          0x00000000080032ac       0x44 /opt/devkitpro/libtonc/lib/libtonc.a(tonc_memcpy.o)
                0x00000000080032ac                memcpy16
 .text          0x00000000080032f0       0x54 /opt/devkitpro/libtonc/lib/libtonc.a(tonc_bios_ex.o)
                0x00000000080032f0                VBlankIntrDelay
                0x0000000008003300                DivSafe
                0x0000000008003314                Mod
                0x000000000800331c                DivAbs
                0x0000000008003324                DivArmMod
                0x000000000800332c                DivArmAbs
                0x0000000008003334                CpuFastFill
 .text          0x0000000008003344      0x9d8 /opt/devkitpro/libtonc/lib/libtonc.a(tonc_schr4c.o)
                0x0000000008003344                schr4c_get_pixel
                0x000000000800336c                schr4c_plot
                0x000000000800339c                schr4c_hline
                0x0000000008003478                schr4c_vline
                0x00000000080034c0                schr4c_blit
                0x00000000080037f0                schr4c_line
                0x000000000800397c                schr4c_frame
                0x0000000008003a0c                schr4c_rect
                0x0000000008003b30                schr4c_prep_map
                0x0000000008003b78                schr4c_get_ptr
                0x0000000008003b88                schr4c_floodfill_internal
                0x0000000008003ce4                schr4c_floodfill
 .text          0x0000000008003d1c      0x16c /opt/devkitpro/libtonc/lib/libtonc.a(tonc_surface.o)
                0x0000000008003d1c                srf_init
                0x0000000008003de4                srf_pal_copy
                0x0000000008003e0c                srf_get_ptr
 .text          0x0000000008003e88      0x11c /opt/devkitpro/devkitARM/bin/../lib/gcc/arm-none-eabi/12.2.0/thumb/libgcc.a(_udivsi3.o)
                0x0000000008003e88                __udivsi3
                0x0000000008003e88                __aeabi_uidiv
                0x0000000008003f84                __aeabi_uidivmod
 .text          0x0000000008003fa4      0x150 /opt/devkitpro/devkitARM/bin/../lib/gcc/arm-none-eabi/12.2.0/thumb/libgcc.a(_divsi3.o)
                0x0000000008003fa4                __aeabi_idiv
                0x0000000008003fa4                __divsi3
                0x00000000080040d4                __aeabi_idivmod
 .text          0x00000000080040f4        0x4 /opt/devkitpro/devkitARM/bin/../lib/gcc/arm-none-eabi/12.2.0/thumb/libgcc.a(_dvmd_tls.o)
                0x00000000080040f4                __aeabi_ldiv0
                0x00000000080040f4                __aeabi_idiv0
 .text.__assert_func
                0x00000000080040f8       0x40 /opt/devkitpro/devkitARM/bin/../lib/gcc/arm-none-eabi/12.2.0/../../../../arm-none-eabi/lib/thumb/libc.a(lib_a-assert.o)
                0x00000000080040f8                __assert_func
 .text.bsearch  0x0000000008004138       0x60 /opt/devkitpro/devkitARM/bin/../lib/gcc/arm-none-eabi/12.2.0/../../../../arm-none-eabi/lib/thumb/libc.a(lib_a-bsearch.o)
                0x0000000008004138                bsearch
 .text.fiprintf
                0x0000000008004198       0x28 /opt/devkitpro/devkitARM/bin/../lib/gcc/arm-none-eabi/12.2.0/../../../../arm-none-eabi/lib/thumb/libc.a(lib_a-fiprintf.o)
                0x0000000008004198                fiprintf
 .text.__libc_init_array
                0x00000000080041c0       0x54 /opt/devkitpro/devkitARM/bin/../lib/gcc/arm-none-eabi/12.2.0/../../../../arm-none-eabi/lib/thumb/libc.a(lib_a-init.o)
                0x00000000080041c0                __libc_init_array
 .text.iprintf  0x0000000008004214       0x24 /opt/devkitpro/devkitARM/bin/../lib/gcc/arm-none-eabi/12.2.0/../../../../arm-none-eabi/lib/thumb/libc.a(lib_a-iprintf.o)
                0x0000000008004214                iprintf
 .text.malloc   0x0000000008004238       0x14 /opt/devkitpro/devkitARM/bin/../lib/gcc/arm-none-eabi/12.2.0/../../../../arm-none-eabi/lib/thumb/libc.a(lib_a-malloc.o)
                0x0000000008004238                malloc
 .text.free     0x000000000800424c       0x14 /opt/devkitpro/devkitARM/bin/../lib/gcc/arm-none-eabi/12.2.0/../../../../arm-none-eabi/lib/thumb/libc.a(lib_a-malloc.o)
                0x000000000800424c                free
 .text._malloc_r
                0x0000000008004260      0x560 /opt/devkitpro/devkitARM/bin/../lib/gcc/arm-none-eabi/12.2.0/../../../../arm-none-eabi/lib/thumb/libc.a(lib_a-mallocr.o)
                0x0000000008004260                _malloc_r
 .text.memcmp   0x00000000080047c0       0x48 /opt/devkitpro/devkitARM/bin/../lib/gcc/arm-none-eabi/12.2.0/../../../../arm-none-eabi/lib/thumb/libc.a(lib_a-memcmp.o)
                0x00000000080047c0                memcmp
 .text.memcpy   0x0000000008004808       0x94 /opt/devkitpro/devkitARM/bin/../lib/gcc/arm-none-eabi/12.2.0/../../../../arm-none-eabi/lib/thumb/libc.a(lib_a-memcpy-stub.o)
                0x0000000008004808                memcpy
 .text.memset   0x000000000800489c       0xb0 /opt/devkitpro/devkitARM/bin/../lib/gcc/arm-none-eabi/12.2.0/../../../../arm-none-eabi/lib/thumb/libc.a(lib_a-memset.o)
                0x000000000800489c                memset
 .text.__malloc_lock
                0x000000000800494c       0x14 /opt/devkitpro/devkitARM/bin/../lib/gcc/arm-none-eabi/12.2.0/../../../../arm-none-eabi/lib/thumb/libc.a(lib_a-mlock.o)
                0x000000000800494c                __malloc_lock
 .text.__malloc_unlock
                0x0000000008004960       0x14 /opt/devkitpro/devkitARM/bin/../lib/gcc/arm-none-eabi/12.2.0/../../../../arm-none-eabi/lib/thumb/libc.a(lib_a-mlock.o)
                0x0000000008004960                __malloc_unlock
 .text.setvbuf  0x0000000008004974      0x19c /opt/devkitpro/devkitARM/bin/../lib/gcc/arm-none-eabi/12.2.0/../../../../arm-none-eabi/lib/thumb/libc.a(lib_a-setvbuf.o)
                0x0000000008004974                setvbuf
 .text.siscanf  0x0000000008004b10       0x4c /opt/devkitpro/devkitARM/bin/../lib/gcc/arm-none-eabi/12.2.0/../../../../arm-none-eabi/lib/thumb/libc.a(lib_a-siscanf.o)
                0x0000000008004b10                siscanf
 .text.__sread  0x0000000008004b5c       0x34 /opt/devkitpro/devkitARM/bin/../lib/gcc/arm-none-eabi/12.2.0/../../../../arm-none-eabi/lib/thumb/libc.a(lib_a-stdio.o)
                0x0000000008004b5c                __sread
 .text.__seofread
                0x0000000008004b90        0x4 /opt/devkitpro/devkitARM/bin/../lib/gcc/arm-none-eabi/12.2.0/../../../../arm-none-eabi/lib/thumb/libc.a(lib_a-stdio.o)
                0x0000000008004b90                __seofread
 .text.__swrite
                0x0000000008004b94       0x4c /opt/devkitpro/devkitARM/bin/../lib/gcc/arm-none-eabi/12.2.0/../../../../arm-none-eabi/lib/thumb/libc.a(lib_a-stdio.o)
                0x0000000008004b94                __swrite
 .text.__sseek  0x0000000008004be0       0x44 /opt/devkitpro/devkitARM/bin/../lib/gcc/arm-none-eabi/12.2.0/../../../../arm-none-eabi/lib/thumb/libc.a(lib_a-stdio.o)
                0x0000000008004be0                __sseek
 .text.__sclose
                0x0000000008004c24       0x10 /opt/devkitpro/devkitARM/bin/../lib/gcc/arm-none-eabi/12.2.0/../../../../arm-none-eabi/lib/thumb/libc.a(lib_a-stdio.o)
                0x0000000008004c24                __sclose
 .text.stpcpy   0x0000000008004c34       0x48 /opt/devkitpro/devkitARM/bin/../lib/gcc/arm-none-eabi/12.2.0/../../../../arm-none-eabi/lib/thumb/libc.a(lib_a-stpcpy.o)
                0x0000000008004c34                stpcpy
 .text.strlen   0x0000000008004c7c       0x60 /opt/devkitpro/devkitARM/bin/../lib/gcc/arm-none-eabi/12.2.0/../../../../arm-none-eabi/lib/thumb/libc.a(lib_a-strlen-stub.o)
                0x0000000008004c7c                strlen
 .text.strncmp  0x0000000008004cdc       0x78 /opt/devkitpro/devkitARM/bin/../lib/gcc/arm-none-eabi/12.2.0/../../../../arm-none-eabi/lib/thumb/libc.a(lib_a-strncmp.o)
                0x0000000008004cdc                strncmp
 .text.strncpy  0x0000000008004d54       0x68 /opt/devkitpro/devkitARM/bin/../lib/gcc/arm-none-eabi/12.2.0/../../../../arm-none-eabi/lib/thumb/libc.a(lib_a-strncpy.o)
                0x0000000008004d54                strncpy
 .text._strtol_l.part.0
                0x0000000008004dbc      0x144 /opt/devkitpro/devkitARM/bin/../lib/gcc/arm-none-eabi/12.2.0/../../../../arm-none-eabi/lib/thumb/libc.a(lib_a-strtol.o)
 .text._strtol_r
                0x0000000008004f00       0x20 /opt/devkitpro/devkitARM/bin/../lib/gcc/arm-none-eabi/12.2.0/../../../../arm-none-eabi/lib/thumb/libc.a(lib_a-strtol.o)
                0x0000000008004f00                _strtol_r
 .text.strtol   0x0000000008004f20       0x30 /opt/devkitpro/devkitARM/bin/../lib/gcc/arm-none-eabi/12.2.0/../../../../arm-none-eabi/lib/thumb/libc.a(lib_a-strtol.o)
                0x0000000008004f20                strtol
 .text.get_arg  0x0000000008004f50       0x32 /opt/devkitpro/devkitARM/bin/../lib/gcc/arm-none-eabi/12.2.0/../../../../arm-none-eabi/lib/thumb/libc.a(lib_a-svfiscanf.o)
 .text._sungetc_r
                0x0000000008004f82       0x7e /opt/devkitpro/devkitARM/bin/../lib/gcc/arm-none-eabi/12.2.0/../../../../arm-none-eabi/lib/thumb/libc.a(lib_a-svfiscanf.o)
                0x0000000008004f82                _sungetc_r
 .text.__ssrefill_r
                0x0000000008005000       0x42 /opt/devkitpro/devkitARM/bin/../lib/gcc/arm-none-eabi/12.2.0/../../../../arm-none-eabi/lib/thumb/libc.a(lib_a-svfiscanf.o)
                0x0000000008005000                __ssrefill_r
 .text._sfread_r
                0x0000000008005042       0x88 /opt/devkitpro/devkitARM/bin/../lib/gcc/arm-none-eabi/12.2.0/../../../../arm-none-eabi/lib/thumb/libc.a(lib_a-svfiscanf.o)
                0x0000000008005042                _sfread_r
 *fill*         0x00000000080050ca        0x2 ff
 .text.__ssvfiscanf_r
                0x00000000080050cc     0x1ae0 /opt/devkitpro/devkitARM/bin/../lib/gcc/arm-none-eabi/12.2.0/../../../../arm-none-eabi/lib/thumb/libc.a(lib_a-svfiscanf.o)
                0x00000000080050cc                __ssvfiscanf_r
 .text.__submore
                0x0000000008006bac       0x88 /opt/devkitpro/devkitARM/bin/../lib/gcc/arm-none-eabi/12.2.0/../../../../arm-none-eabi/lib/thumb/libc.a(lib_a-ungetc.o)
                0x0000000008006bac                __submore
 .text.get_arg  0x0000000008006c34      0x42c /opt/devkitpro/devkitARM/bin/../lib/gcc/arm-none-eabi/12.2.0/../../../../arm-none-eabi/lib/thumb/libc.a(lib_a-vfiprintf.o)
 .text.__sprint_r
                0x0000000008007060       0x24 /opt/devkitpro/devkitARM/bin/../lib/gcc/arm-none-eabi/12.2.0/../../../../arm-none-eabi/lib/thumb/libc.a(lib_a-vfiprintf.o)
                0x0000000008007060                __sprint_r
 .text._vfiprintf_r
                0x0000000008007084     0x173c /opt/devkitpro/devkitARM/bin/../lib/gcc/arm-none-eabi/12.2.0/../../../../arm-none-eabi/lib/thumb/libc.a(lib_a-vfiprintf.o)
                0x0000000008007084                _vfiprintf_r
 .text.__sbprintf
                0x00000000080087c0       0x8c /opt/devkitpro/devkitARM/bin/../lib/gcc/arm-none-eabi/12.2.0/../../../../arm-none-eabi/lib/thumb/libc.a(lib_a-vfiprintf.o)
 .text._wcrtomb_r
                0x000000000800884c       0x5c /opt/devkitpro/devkitARM/bin/../lib/gcc/arm-none-eabi/12.2.0/../../../../arm-none-eabi/lib/thumb/libc.a(lib_a-wcrtomb.o)
                0x000000000800884c                _wcrtomb_r
 .text._wcsrtombs_r
                0x00000000080088a8       0x1c /opt/devkitpro/devkitARM/bin/../lib/gcc/arm-none-eabi/12.2.0/../../../../arm-none-eabi/lib/thumb/libc.a(lib_a-wcsrtombs.o)
                0x00000000080088a8                _wcsrtombs_r
 .text.__swsetup_r
                0x00000000080088c4       0xd0 /opt/devkitpro/devkitARM/bin/../lib/gcc/arm-none-eabi/12.2.0/../../../../arm-none-eabi/lib/thumb/libc.a(lib_a-wsetup.o)
                0x00000000080088c4                __swsetup_r
 .text.abort    0x0000000008008994       0x10 /opt/devkitpro/devkitARM/bin/../lib/gcc/arm-none-eabi/12.2.0/../../../../arm-none-eabi/lib/thumb/libc.a(lib_a-abort.o)
                0x0000000008008994                abort
 .text.__errno  0x00000000080089a4        0xc /opt/devkitpro/devkitARM/bin/../lib/gcc/arm-none-eabi/12.2.0/../../../../arm-none-eabi/lib/thumb/libc.a(lib_a-errno.o)
                0x00000000080089a4                __errno
 .text.__sflush_r
                0x00000000080089b0      0x18c /opt/devkitpro/devkitARM/bin/../lib/gcc/arm-none-eabi/12.2.0/../../../../arm-none-eabi/lib/thumb/libc.a(lib_a-fflush.o)
                0x00000000080089b0                __sflush_r
 .text._fflush_r
                0x0000000008008b3c       0x70 /opt/devkitpro/devkitARM/bin/../lib/gcc/arm-none-eabi/12.2.0/../../../../arm-none-eabi/lib/thumb/libc.a(lib_a-fflush.o)
                0x0000000008008b3c                _fflush_r
 .text._cleanup_r
                0x0000000008008bac       0x14 /opt/devkitpro/devkitARM/bin/../lib/gcc/arm-none-eabi/12.2.0/../../../../arm-none-eabi/lib/thumb/libc.a(lib_a-findfp.o)
                0x0000000008008bac                _cleanup_r
 .text.__sinit  0x0000000008008bc0      0x124 /opt/devkitpro/devkitARM/bin/../lib/gcc/arm-none-eabi/12.2.0/../../../../arm-none-eabi/lib/thumb/libc.a(lib_a-findfp.o)
                0x0000000008008bc0                __sinit
 .text.__sfp_lock_acquire
                0x0000000008008ce4       0x14 /opt/devkitpro/devkitARM/bin/../lib/gcc/arm-none-eabi/12.2.0/../../../../arm-none-eabi/lib/thumb/libc.a(lib_a-findfp.o)
                0x0000000008008ce4                __sfp_lock_acquire
 .text.__sfp_lock_release
                0x0000000008008cf8       0x14 /opt/devkitpro/devkitARM/bin/../lib/gcc/arm-none-eabi/12.2.0/../../../../arm-none-eabi/lib/thumb/libc.a(lib_a-findfp.o)
                0x0000000008008cf8                __sfp_lock_release
 .text._malloc_trim_r
                0x0000000008008d0c       0xac /opt/devkitpro/devkitARM/bin/../lib/gcc/arm-none-eabi/12.2.0/../../../../arm-none-eabi/lib/thumb/libc.a(lib_a-freer.o)
                0x0000000008008d0c                _malloc_trim_r
 .text._free_r  0x0000000008008db8      0x1d8 /opt/devkitpro/devkitARM/bin/../lib/gcc/arm-none-eabi/12.2.0/../../../../arm-none-eabi/lib/thumb/libc.a(lib_a-freer.o)
                0x0000000008008db8                _free_r
 .text.__sfvwrite_r
                0x0000000008008f90      0x334 /opt/devkitpro/devkitARM/bin/../lib/gcc/arm-none-eabi/12.2.0/../../../../arm-none-eabi/lib/thumb/libc.a(lib_a-fvwrite.o)
                0x0000000008008f90                __sfvwrite_r
 .text._fwalk_reent
                0x00000000080092c4       0x50 /opt/devkitpro/devkitARM/bin/../lib/gcc/arm-none-eabi/12.2.0/../../../../arm-none-eabi/lib/thumb/libc.a(lib_a-fwalk.o)
                0x00000000080092c4                _fwalk_reent
 .text.iswspace
                0x0000000008009314       0x10 /opt/devkitpro/devkitARM/bin/../lib/gcc/arm-none-eabi/12.2.0/../../../../arm-none-eabi/lib/thumb/libc.a(lib_a-iswspace.o)
                0x0000000008009314                iswspace
 .text._localeconv_r
                0x0000000008009324        0x8 /opt/devkitpro/devkitARM/bin/../lib/gcc/arm-none-eabi/12.2.0/../../../../arm-none-eabi/lib/thumb/libc.a(lib_a-localeconv.o)
                0x0000000008009324                _localeconv_r
 .text.__locale_mb_cur_max
                0x000000000800932c       0x10 /opt/devkitpro/devkitARM/bin/../lib/gcc/arm-none-eabi/12.2.0/../../../../arm-none-eabi/lib/thumb/libc.a(lib_a-locale.o)
                0x000000000800932c                __locale_mb_cur_max
 .text.__smakebuf_r
                0x000000000800933c       0xf0 /opt/devkitpro/devkitARM/bin/../lib/gcc/arm-none-eabi/12.2.0/../../../../arm-none-eabi/lib/thumb/libc.a(lib_a-makebuf.o)
                0x000000000800933c                __smakebuf_r
 .text.__swhatbuf_r
                0x000000000800942c       0x5c /opt/devkitpro/devkitARM/bin/../lib/gcc/arm-none-eabi/12.2.0/../../../../arm-none-eabi/lib/thumb/libc.a(lib_a-makebuf.o)
                0x000000000800942c                __swhatbuf_r
 .text._mbrtowc_r
                0x0000000008009488       0x60 /opt/devkitpro/devkitARM/bin/../lib/gcc/arm-none-eabi/12.2.0/../../../../arm-none-eabi/lib/thumb/libc.a(lib_a-mbrtowc.o)
                0x0000000008009488                _mbrtowc_r
 .text.__utf8_mbtowc
                0x00000000080094e8      0x27c /opt/devkitpro/devkitARM/bin/../lib/gcc/arm-none-eabi/12.2.0/../../../../arm-none-eabi/lib/thumb/libc.a(lib_a-mbtowc_r.o)
                0x00000000080094e8                __utf8_mbtowc
 .text.memchr   0x0000000008009764       0x78 /opt/devkitpro/devkitARM/bin/../lib/gcc/arm-none-eabi/12.2.0/../../../../arm-none-eabi/lib/thumb/libc.a(lib_a-memchr-stub.o)
                0x0000000008009764                memchr
 .text.memmove  0x00000000080097dc       0xc0 /opt/devkitpro/devkitARM/bin/../lib/gcc/arm-none-eabi/12.2.0/../../../../arm-none-eabi/lib/thumb/libc.a(lib_a-memmove.o)
                0x00000000080097dc                memmove
 .text.realloc  0x000000000800989c       0x18 /opt/devkitpro/devkitARM/bin/../lib/gcc/arm-none-eabi/12.2.0/../../../../arm-none-eabi/lib/thumb/libc.a(lib_a-realloc.o)
                0x000000000800989c                realloc
 .text._realloc_r
                0x00000000080098b4      0x384 /opt/devkitpro/devkitARM/bin/../lib/gcc/arm-none-eabi/12.2.0/../../../../arm-none-eabi/lib/thumb/libc.a(lib_a-reallocr.o)
                0x00000000080098b4                _realloc_r
 .text.__sccl   0x0000000008009c38       0x90 /opt/devkitpro/devkitARM/bin/../lib/gcc/arm-none-eabi/12.2.0/../../../../arm-none-eabi/lib/thumb/libc.a(lib_a-sccl.o)
                0x0000000008009c38                __sccl
 .text._raise_r
                0x0000000008009cc8       0x60 /opt/devkitpro/devkitARM/bin/../lib/gcc/arm-none-eabi/12.2.0/../../../../arm-none-eabi/lib/thumb/libc.a(lib_a-signal.o)
                0x0000000008009cc8                _raise_r
 .text.raise    0x0000000008009d28       0x14 /opt/devkitpro/devkitARM/bin/../lib/gcc/arm-none-eabi/12.2.0/../../../../arm-none-eabi/lib/thumb/libc.a(lib_a-signal.o)
                0x0000000008009d28                raise
 .text          0x0000000008009d3c      0x224 /opt/devkitpro/devkitARM/bin/../lib/gcc/arm-none-eabi/12.2.0/../../../../arm-none-eabi/lib/thumb/libc.a(lib_a-strcmp.o)
                0x0000000008009d3c                strcmp
 .text._strtoll_l.constprop.0
                0x0000000008009f60      0x1a0 /opt/devkitpro/devkitARM/bin/../lib/gcc/arm-none-eabi/12.2.0/../../../../arm-none-eabi/lib/thumb/libc.a(lib_a-strtoll.o)
 .text._strtoll_r
                0x000000000800a100        0xc /opt/devkitpro/devkitARM/bin/../lib/gcc/arm-none-eabi/12.2.0/../../../../arm-none-eabi/lib/thumb/libc.a(lib_a-strtoll.o)
                0x000000000800a100                _strtoll_r
 .text._strtoull_l.constprop.0
                0x000000000800a10c      0x1bc /opt/devkitpro/devkitARM/bin/../lib/gcc/arm-none-eabi/12.2.0/../../../../arm-none-eabi/lib/thumb/libc.a(lib_a-strtoull.o)
 .text._strtoull_r
                0x000000000800a2c8        0xc /opt/devkitpro/devkitARM/bin/../lib/gcc/arm-none-eabi/12.2.0/../../../../arm-none-eabi/lib/thumb/libc.a(lib_a-strtoull.o)
                0x000000000800a2c8                _strtoull_r
 .text._strtoul_l.constprop.0
                0x000000000800a2d4      0x144 /opt/devkitpro/devkitARM/bin/../lib/gcc/arm-none-eabi/12.2.0/../../../../arm-none-eabi/lib/thumb/libc.a(lib_a-strtoul.o)
 .text._strtoul_r
                0x000000000800a418        0xc /opt/devkitpro/devkitARM/bin/../lib/gcc/arm-none-eabi/12.2.0/../../../../arm-none-eabi/lib/thumb/libc.a(lib_a-strtoul.o)
                0x000000000800a418                _strtoul_r
 .text._wcsnrtombs_l
                0x000000000800a424      0x11c /opt/devkitpro/devkitARM/bin/../lib/gcc/arm-none-eabi/12.2.0/../../../../arm-none-eabi/lib/thumb/libc.a(lib_a-wcsnrtombs.o)
                0x000000000800a424                _wcsnrtombs_l
 .text._wcsnrtombs_r
                0x000000000800a540       0x30 /opt/devkitpro/devkitARM/bin/../lib/gcc/arm-none-eabi/12.2.0/../../../../arm-none-eabi/lib/thumb/libc.a(lib_a-wcsnrtombs.o)
                0x000000000800a540                _wcsnrtombs_r
 .text.__utf8_wctomb
                0x000000000800a570       0xb4 /opt/devkitpro/devkitARM/bin/../lib/gcc/arm-none-eabi/12.2.0/../../../../arm-none-eabi/lib/thumb/libc.a(lib_a-wctomb_r.o)
                0x000000000800a570                __utf8_wctomb
 .text._fclose_r
                0x000000000800a624       0xe4 /opt/devkitpro/devkitARM/bin/../lib/gcc/arm-none-eabi/12.2.0/../../../../arm-none-eabi/lib/thumb/libc.a(lib_a-fclose.o)
                0x000000000800a624                _fclose_r
 .text.iswspace_l
                0x000000000800a708       0x2c /opt/devkitpro/devkitARM/bin/../lib/gcc/arm-none-eabi/12.2.0/../../../../arm-none-eabi/lib/thumb/libc.a(lib_a-iswspace_l.o)
                0x000000000800a708                iswspace_l
 .text.__jp2uc  0x000000000800a734      0x14c /opt/devkitpro/devkitARM/bin/../lib/gcc/arm-none-eabi/12.2.0/../../../../arm-none-eabi/lib/thumb/libc.a(lib_a-jp2uc.o)
 .text._jp2uc_l
                0x000000000800a880       0x6c /opt/devkitpro/devkitARM/bin/../lib/gcc/arm-none-eabi/12.2.0/../../../../arm-none-eabi/lib/thumb/libc.a(lib_a-jp2uc.o)
                0x000000000800a880                _jp2uc_l
 .text.category
                0x000000000800a8ec       0x54 /opt/devkitpro/devkitARM/bin/../lib/gcc/arm-none-eabi/12.2.0/../../../../arm-none-eabi/lib/thumb/libc.a(lib_a-categories.o)
                0x000000000800a8ec                category
 .text.null_write
                0x000000000800a940        0x4 /opt/devkitpro/devkitARM/bin/../lib/gcc/arm-none-eabi/12.2.0/../../../../arm-none-eabi/lib/thumb/libsysbase.a(iosupport.o)
 .text._fstat_r
                0x000000000800a944       0x4c /opt/devkitpro/devkitARM/bin/../lib/gcc/arm-none-eabi/12.2.0/../../../../arm-none-eabi/lib/thumb/libsysbase.a(fstat.o)
                0x000000000800a944                _fstat_r
 .text._getpid_r
                0x000000000800a990        0xc /opt/devkitpro/devkitARM/bin/../lib/gcc/arm-none-eabi/12.2.0/../../../../arm-none-eabi/lib/thumb/libsysbase.a(getpid.o)
                0x000000000800a990                _getpid_r
 .text._isatty_r
                0x000000000800a99c        0x4 /opt/devkitpro/devkitARM/bin/../lib/gcc/arm-none-eabi/12.2.0/../../../../arm-none-eabi/lib/thumb/libsysbase.a(isatty.o)
                0x000000000800a99c                _isatty_r
 .text._kill_r  0x000000000800a9a0        0xc /opt/devkitpro/devkitARM/bin/../lib/gcc/arm-none-eabi/12.2.0/../../../../arm-none-eabi/lib/thumb/libsysbase.a(kill.o)
                0x000000000800a9a0                _kill_r
 .text._lseek_r
                0x000000000800a9ac       0x5c /opt/devkitpro/devkitARM/bin/../lib/gcc/arm-none-eabi/12.2.0/../../../../arm-none-eabi/lib/thumb/libsysbase.a(lseek.o)
                0x000000000800a9ac                _lseek_r
 .text._read_r  0x000000000800aa08       0x50 /opt/devkitpro/devkitARM/bin/../lib/gcc/arm-none-eabi/12.2.0/../../../../arm-none-eabi/lib/thumb/libsysbase.a(read.o)
                0x000000000800aa08                _read_r
 .text._sbrk_r  0x000000000800aa58       0x54 /opt/devkitpro/devkitARM/bin/../lib/gcc/arm-none-eabi/12.2.0/../../../../arm-none-eabi/lib/thumb/libsysbase.a(sbrk.o)
                0x000000000800aa58                _sbrk_r
 .text._write_r
                0x000000000800aaac       0x50 /opt/devkitpro/devkitARM/bin/../lib/gcc/arm-none-eabi/12.2.0/../../../../arm-none-eabi/lib/thumb/libsysbase.a(write.o)
                0x000000000800aaac                _write_r
 .text._exit    0x000000000800aafc       0x14 /opt/devkitpro/devkitARM/bin/../lib/gcc/arm-none-eabi/12.2.0/../../../../arm-none-eabi/lib/thumb/libsysbase.a(_exit.o)
                0x000000000800aafc                _exit
 .text.__flockfile
                0x000000000800ab10       0x10 /opt/devkitpro/devkitARM/bin/../lib/gcc/arm-none-eabi/12.2.0/../../../../arm-none-eabi/lib/thumb/libsysbase.a(flock.o)
                0x000000000800ab10                __flockfile
 .text.__funlockfile
                0x000000000800ab20       0x10 /opt/devkitpro/devkitARM/bin/../lib/gcc/arm-none-eabi/12.2.0/../../../../arm-none-eabi/lib/thumb/libsysbase.a(flock.o)
                0x000000000800ab20                __funlockfile
 .text.__get_handle
                0x000000000800ab30       0x34 /opt/devkitpro/devkitARM/bin/../lib/gcc/arm-none-eabi/12.2.0/../../../../arm-none-eabi/lib/thumb/libsysbase.a(handle_manager.o)
                0x000000000800ab30                __get_handle
 .text._close_r
                0x000000000800ab64       0xb8 /opt/devkitpro/devkitARM/bin/../lib/gcc/arm-none-eabi/12.2.0/../../../../arm-none-eabi/lib/thumb/libsysbase.a(handle_manager.o)
                0x000000000800ab64                _close_r
 .text.__getreent
                0x000000000800ac1c       0x20 /opt/devkitpro/devkitARM/bin/../lib/gcc/arm-none-eabi/12.2.0/../../../../arm-none-eabi/lib/thumb/libsysbase.a(getreent.o)
                0x000000000800ac1c                __getreent
 .text.__libc_lock_acquire
                0x000000000800ac3c       0x18 /opt/devkitpro/devkitARM/bin/../lib/gcc/arm-none-eabi/12.2.0/../../../../arm-none-eabi/lib/thumb/libsysbase.a(syscall_support.o)
                0x000000000800ac3c                __libc_lock_acquire
 .text.__libc_lock_release
                0x000000000800ac54       0x18 /opt/devkitpro/devkitARM/bin/../lib/gcc/arm-none-eabi/12.2.0/../../../../arm-none-eabi/lib/thumb/libsysbase.a(syscall_support.o)
                0x000000000800ac54                __libc_lock_release
 .text.__libc_lock_init_recursive
                0x000000000800ac6c       0x18 /opt/devkitpro/devkitARM/bin/../lib/gcc/arm-none-eabi/12.2.0/../../../../arm-none-eabi/lib/thumb/libsysbase.a(syscall_support.o)
                0x000000000800ac6c                __libc_lock_init_recursive
 .text.__libc_lock_acquire_recursive
                0x000000000800ac84       0x18 /opt/devkitpro/devkitARM/bin/../lib/gcc/arm-none-eabi/12.2.0/../../../../arm-none-eabi/lib/thumb/libsysbase.a(syscall_support.o)
                0x000000000800ac84                __libc_lock_acquire_recursive
 .text.__libc_lock_release_recursive
                0x000000000800ac9c       0x18 /opt/devkitpro/devkitARM/bin/../lib/gcc/arm-none-eabi/12.2.0/../../../../arm-none-eabi/lib/thumb/libsysbase.a(syscall_support.o)
                0x000000000800ac9c                __libc_lock_release_recursive
 .text.__libc_lock_close_recursive
                0x000000000800acb4       0x18 /opt/devkitpro/devkitARM/bin/../lib/gcc/arm-none-eabi/12.2.0/../../../../arm-none-eabi/lib/thumb/libsysbase.a(syscall_support.o)
                0x000000000800acb4                __libc_lock_close_recursive
 .text          0x000000000800accc       0x14 /opt/devkitpro/devkitARM/bin/../lib/gcc/arm-none-eabi/12.2.0/thumb/libgcc.a(_thumb1_case_uqi.o)
                0x000000000800accc                __gnu_thumb1_case_uqi
 .text          0x000000000800ace0       0x14 /opt/devkitpro/devkitARM/bin/../lib/gcc/arm-none-eabi/12.2.0/thumb/libgcc.a(_thumb1_case_uhi.o)
                0x000000000800ace0                __gnu_thumb1_case_uhi
 .text          0x000000000800acf4       0x3c /opt/devkitpro/devkitARM/bin/../lib/gcc/arm-none-eabi/12.2.0/thumb/libgcc.a(_aeabi_uldivmod.o)
                0x000000000800acf4                __aeabi_uldivmod
 .text.__muldi3
                0x000000000800ad30       0x64 /opt/devkitpro/devkitARM/bin/../lib/gcc/arm-none-eabi/12.2.0/thumb/libgcc.a(_muldi3.o)
                0x000000000800ad30                __aeabi_lmul
                0x000000000800ad30                __muldi3
 .text.__udivmoddi4
                0x000000000800ad94      0x19c /opt/devkitpro/devkitARM/bin/../lib/gcc/arm-none-eabi/12.2.0/thumb/libgcc.a(_udivmoddi4.o)
                0x000000000800ad94                __udivmoddi4
 .text          0x000000000800af30       0x28 /opt/devkitpro/devkitARM/bin/../lib/gcc/arm-none-eabi/12.2.0/thumb/libgcc.a(_clzdi2.o)
                0x000000000800af30                __clzdi2
 .text          0x000000000800af58       0x48 /opt/devkitpro/devkitARM/bin/../lib/gcc/arm-none-eabi/12.2.0/thumb/libgcc.a(_clzsi2.o)
                0x000000000800af58                __clzsi2
 .text.__stub   0x000000000800afa0       0x5c linker stubs
 *(.gnu.linkonce.t.*)
 *(.text.*personality*)
 *(.gnu.warning)
 *(.glue_7t)
 .glue_7t       0x000000000800b008        0x0 linker stubs
 *(.glue_7)
 .glue_7        0x000000000800b008        0x0 linker stubs
 *(.vfp11_veneer)
 .vfp11_veneer  0x000000000800b008        0x0 linker stubs
                0x000000000800b008                . = ALIGN (0x4)
                0x000000000800b008                __text_end = .

.v4_bx          0x000000000800b008        0x0
 .v4_bx         0x000000000800b008        0x0 linker stubs

.iplt           0x000000000800b008        0x0
 .iplt          0x000000000800b008        0x0 /opt/devkitpro/devkitARM/bin/../lib/gcc/arm-none-eabi/12.2.0/../../../../arm-none-eabi/lib/thumb/gba_crt0.o

.fini           0x000000000800b008        0xc
 *(.fini)
 .fini          0x000000000800b008        0x4 /opt/devkitpro/devkitARM/bin/../lib/gcc/arm-none-eabi/12.2.0/thumb/crti.o
                0x000000000800b008                _fini
 .fini          0x000000000800b00c        0x8 /opt/devkitpro/devkitARM/bin/../lib/gcc/arm-none-eabi/12.2.0/thumb/crtn.o
                0x000000000800b014                . = ALIGN (0x4)

.rodata         0x000000000800b014     0x8a18
 *(.rodata)
 .rodata        0x000000000800b014       0x17 /home/julian/lib/dusk/src/dusk/lib/libdusk.a(load.o)
 *fill*         0x000000000800b02b        0x1 ff
 .rodata        0x000000000800b02c       0x10 /home/julian/lib/dusk/src/dusk/lib/libdusk.a(sprites.o)
 .rodata        0x000000000800b03c       0x38 /opt/devkitpro/libtonc/lib/libtonc.a(tonc_irq.o)
 .rodata        0x000000000800b074      0x1f0 /opt/devkitpro/libtonc/lib/libtonc.a(tte_main.o)
 .rodata        0x000000000800b264      0x1b4 /opt/devkitpro/libtonc/lib/libtonc.a(tte_iohook.o)
                0x000000000800b338                tte_dotab_stdout
                0x000000000800b3a8                tte_dotab_nocash
 .rodata        0x000000000800b418      0x404 /opt/devkitpro/libtonc/lib/libtonc.a(div_lut.o)
                0x000000000800b418                div_lut
 .rodata        0x000000000800b81c      0xef8 /opt/devkitpro/libtonc/lib/libtonc.a(verdana9.o)
                0x000000000800b81c                verdana9Font
                0x000000000800b834                verdana9Glyphs
                0x000000000800c634                verdana9Widths
 .rodata        0x000000000800c714      0x318 /opt/devkitpro/libtonc/lib/libtonc.a(sys8.o)
                0x000000000800c714                sys8Font
                0x000000000800c72c                sys8Glyphs
 .rodata        0x000000000800ca2c       0x1c /opt/devkitpro/libtonc/lib/libtonc.a(tonc_surface.o)
 *all.rodata*(*)
 *(.roda)
 *(.rodata.*)
 .rodata.str1.4
                0x000000000800ca48       0x54 src/logo.o
 .rodata.str1.4
                0x000000000800ca9c       0x45 src/game.o
 *fill*         0x000000000800cae1        0x3 ff
 .rodata.str1.4
                0x000000000800cae4       0x6e /home/julian/lib/dusk/src/dusk/lib/libdusk.a(load.o)
                                         0x75 (size before relaxing)
 *fill*         0x000000000800cb52        0x2 ff
 .rodata.str1.4
                0x000000000800cb54       0x18 /home/julian/lib/dusk/src/dusk/lib/libdusk.a(sys.o)
 .rodata.str1.4
                0x000000000800cb6c        0xd /home/julian/lib/dusk/src/dusk/lib/libdusk.a(libgbfs.o)
 *fill*         0x000000000800cb79        0x3 ff
 .rodata.str1.4
                0x000000000800cb7c       0x3b /opt/devkitpro/libtonc/lib/libtonc.a(tte_iohook.o)
 *fill*         0x000000000800cbb7        0x1 ff
 .rodata.__assert_func.str1.4
                0x000000000800cbb8       0x3f /opt/devkitpro/devkitARM/bin/../lib/gcc/arm-none-eabi/12.2.0/../../../../arm-none-eabi/lib/thumb/libc.a(lib_a-assert.o)
                                         0x43 (size before relaxing)
 *fill*         0x000000000800cbf7        0x1 ff
 .rodata._ctype_
                0x000000000800cbf8      0x101 /opt/devkitpro/devkitARM/bin/../lib/gcc/arm-none-eabi/12.2.0/../../../../arm-none-eabi/lib/thumb/libc.a(lib_a-ctype_.o)
                0x000000000800cbf8                _ctype_
 *fill*         0x000000000800ccf9        0x3 ff
 .rodata.basefix.0
                0x000000000800ccfc       0x22 /opt/devkitpro/devkitARM/bin/../lib/gcc/arm-none-eabi/12.2.0/../../../../arm-none-eabi/lib/thumb/libc.a(lib_a-svfiscanf.o)
 .rodata._vfiprintf_r.str1.1
                0x000000000800cd1e       0x29 /opt/devkitpro/devkitARM/bin/../lib/gcc/arm-none-eabi/12.2.0/../../../../arm-none-eabi/lib/thumb/libc.a(lib_a-vfiprintf.o)
 *fill*         0x000000000800cd47        0x1 ff
 .rodata.zeroes.0
                0x000000000800cd48       0x10 /opt/devkitpro/devkitARM/bin/../lib/gcc/arm-none-eabi/12.2.0/../../../../arm-none-eabi/lib/thumb/libc.a(lib_a-vfiprintf.o)
 .rodata.blanks.1
                0x000000000800cd58       0x10 /opt/devkitpro/devkitARM/bin/../lib/gcc/arm-none-eabi/12.2.0/../../../../arm-none-eabi/lib/thumb/libc.a(lib_a-vfiprintf.o)
 .rodata.str1.4
                0x000000000800cd68       0x48 /opt/devkitpro/devkitARM/bin/../lib/gcc/arm-none-eabi/12.2.0/../../../../arm-none-eabi/lib/thumb/libc.a(lib_a-locale.o)
                                         0x4c (size before relaxing)
 .rodata._mbrtowc_r.str1.4
                0x000000000800cdb0        0x1 /opt/devkitpro/devkitARM/bin/../lib/gcc/arm-none-eabi/12.2.0/../../../../arm-none-eabi/lib/thumb/libc.a(lib_a-mbrtowc.o)
 .rodata.__action_table
                0x000000000800cdb0       0x6c /opt/devkitpro/devkitARM/bin/../lib/gcc/arm-none-eabi/12.2.0/../../../../arm-none-eabi/lib/thumb/libc.a(lib_a-svfiprintf.o)
                0x000000000800cdb0                __action_table
 .rodata.__state_table
                0x000000000800ce1c       0x6c /opt/devkitpro/devkitARM/bin/../lib/gcc/arm-none-eabi/12.2.0/../../../../arm-none-eabi/lib/thumb/libc.a(lib_a-svfiprintf.o)
                0x000000000800ce1c                __state_table
 .rodata.__chclass
                0x000000000800ce88      0x100 /opt/devkitpro/devkitARM/bin/../lib/gcc/arm-none-eabi/12.2.0/../../../../arm-none-eabi/lib/thumb/libc.a(lib_a-svfiprintf.o)
                0x000000000800ce88                __chclass
 .rodata.__jp2uc
                0x000000000800cf88       0x20 /opt/devkitpro/devkitARM/bin/../lib/gcc/arm-none-eabi/12.2.0/../../../../arm-none-eabi/lib/thumb/libc.a(lib_a-jp2uc.o)
 .rodata._jp2uc_l.str1.4
                0x000000000800cfa8       0x12 /opt/devkitpro/devkitARM/bin/../lib/gcc/arm-none-eabi/12.2.0/../../../../arm-none-eabi/lib/thumb/libc.a(lib_a-jp2uc.o)
 *fill*         0x000000000800cfba        0x2 ff
 .rodata.d02f4  0x000000000800cfbc     0x1a7c /opt/devkitpro/devkitARM/bin/../lib/gcc/arm-none-eabi/12.2.0/../../../../arm-none-eabi/lib/thumb/libc.a(lib_a-jp2uc.o)
 .rodata.b02cf  0x000000000800ea38     0x172a /opt/devkitpro/devkitARM/bin/../lib/gcc/arm-none-eabi/12.2.0/../../../../arm-none-eabi/lib/thumb/libc.a(lib_a-jp2uc.o)
 *fill*         0x0000000008010162        0x2 ff
 .rodata.a8     0x0000000008010164       0x40 /opt/devkitpro/devkitARM/bin/../lib/gcc/arm-none-eabi/12.2.0/../../../../arm-none-eabi/lib/thumb/libc.a(lib_a-jp2uc.o)
 .rodata.a7     0x00000000080101a4       0xa2 /opt/devkitpro/devkitARM/bin/../lib/gcc/arm-none-eabi/12.2.0/../../../../arm-none-eabi/lib/thumb/libc.a(lib_a-jp2uc.o)
 *fill*         0x0000000008010246        0x2 ff
 .rodata.a6     0x0000000008010248       0x70 /opt/devkitpro/devkitARM/bin/../lib/gcc/arm-none-eabi/12.2.0/../../../../arm-none-eabi/lib/thumb/libc.a(lib_a-jp2uc.o)
 .rodata.a3     0x00000000080102b8       0x5b /opt/devkitpro/devkitARM/bin/../lib/gcc/arm-none-eabi/12.2.0/../../../../arm-none-eabi/lib/thumb/libc.a(lib_a-jp2uc.o)
 *fill*         0x0000000008010313        0x1 ff
 .rodata.a2     0x0000000008010314       0xbc /opt/devkitpro/devkitARM/bin/../lib/gcc/arm-none-eabi/12.2.0/../../../../arm-none-eabi/lib/thumb/libc.a(lib_a-jp2uc.o)
 .rodata.a1     0x00000000080103d0       0xbc /opt/devkitpro/devkitARM/bin/../lib/gcc/arm-none-eabi/12.2.0/../../../../arm-none-eabi/lib/thumb/libc.a(lib_a-jp2uc.o)
 .rodata.categories
                0x000000000801048c     0x3528 /opt/devkitpro/devkitARM/bin/../lib/gcc/arm-none-eabi/12.2.0/../../../../arm-none-eabi/lib/thumb/libc.a(lib_a-categories.o)
 .rodata.AddDevice.str1.4
                0x00000000080139b4        0x8 /opt/devkitpro/devkitARM/bin/../lib/gcc/arm-none-eabi/12.2.0/../../../../arm-none-eabi/lib/thumb/libsysbase.a(iosupport.o)
 .rodata.dotab_stdnull
                0x00000000080139bc       0x70 /opt/devkitpro/devkitARM/bin/../lib/gcc/arm-none-eabi/12.2.0/../../../../arm-none-eabi/lib/thumb/libsysbase.a(iosupport.o)
                0x00000000080139bc                dotab_stdnull
 *(.gnu.linkonce.r*)
                0x0000000008013a2c                . = ALIGN (0x4)

.ARM.extab
 *(.ARM.extab* .gnu.linkonce.armextab.*)
                0x0000000008013a2c                __exidx_start = .

.ARM.exidx
 *(.ARM.exidx* .gnu.linkonce.armexidx.*)
                0x0000000008013a2c                __exidx_end = .

.ctors          0x0000000008013a2c        0x0
 *crtbegin.o(.ctors)
 *(EXCLUDE_FILE(*crtend.o) .ctors)
 *(SORT_BY_NAME(.ctors.*))
 *(.ctors)
                0x0000000008013a2c                . = ALIGN (0x4)

.dtors          0x0000000008013a2c        0x0
 *crtbegin.o(.dtors)
 *(EXCLUDE_FILE(*crtend.o) .dtors)
 *(SORT_BY_NAME(.dtors.*))
 *(.dtors)
                0x0000000008013a2c                . = ALIGN (0x4)

.eh_frame       0x0000000008013a2c        0x4
 *(.eh_frame)
 .eh_frame      0x0000000008013a2c        0x0 /opt/devkitpro/devkitARM/bin/../lib/gcc/arm-none-eabi/12.2.0/thumb/crtbegin.o
 .eh_frame      0x0000000008013a2c        0x4 /opt/devkitpro/devkitARM/bin/../lib/gcc/arm-none-eabi/12.2.0/thumb/crtend.o
                0x0000000008013a30                . = ALIGN (0x4)

.gcc_except_table
                0x0000000008013a30        0x0
 *(.gcc_except_table)
                0x0000000008013a30                . = ALIGN (0x4)
                0x0000000008013a30                __iwram_lma = .

.iwram          0x0000000003000000      0x128 load address 0x0000000008013a30
                0x0000000003000000                __iwram_start__ = ABSOLUTE (.)
 *(.iwram .iwram*)
 .iwram         0x0000000003000000       0x38 /opt/devkitpro/libtonc/lib/libtonc.a(tonc_memcpy.o)
                0x0000000003000000                memcpy32
 .iwram         0x0000000003000038       0xa4 /opt/devkitpro/libtonc/lib/libtonc.a(tonc_isr_master.o)
                0x0000000003000038                isr_master
 .iwram         0x00000000030000dc       0x4c /opt/devkitpro/libtonc/lib/libtonc.a(tonc_memset.o)
                0x00000000030000dc                memset32
 *iwram.*(.text* .data*)
                0x0000000003000128                . = ALIGN (0x4)
                0x0000000003000128                __iwram_end__ = ABSOLUTE (.)
                0x0000000008013b58                __data_lma = (__iwram_lma + SIZEOF (.iwram))

.bss            0x0000000003000128     0x119c
                0x0000000003000128                __bss_start = ABSOLUTE (.)
                0x0000000003000128                __bss_start__ = ABSOLUTE (.)
 *(.dynbss)
 *(.gnu.linkonce.b*)
 *(.bss*)
 .bss.completed.1
                0x0000000003000128        0x1 /opt/devkitpro/devkitARM/bin/../lib/gcc/arm-none-eabi/12.2.0/thumb/crtbegin.o
 *fill*         0x0000000003000129        0x3 
 .bss.object.0  0x000000000300012c       0x18 /opt/devkitpro/devkitARM/bin/../lib/gcc/arm-none-eabi/12.2.0/thumb/crtbegin.o
 .bss           0x0000000003000144        0xc src/logo.o
                0x0000000003000144                start_frame
                0x0000000003000148                logo
                0x000000000300014c                fade_step
 .bss           0x0000000003000150     0x1038 src/game.o
                0x0000000003000150                pPlayer
                0x0000000003000154                sPlayer
                0x0000000003000158                aPlayerWalk
                0x000000000300015c                shift
                0x0000000003000160                map
 .bss           0x0000000003001188        0x4 /home/julian/lib/dusk/src/dusk/lib/libdusk.a(load.o)
                0x0000000003001188                gbfs_dat
 .bss           0x000000000300118c        0x5 /home/julian/lib/dusk/src/dusk/lib/libdusk.a(sys.o)
                0x000000000300118c                frame_count
 *fill*         0x0000000003001191        0x1 
 .bss           0x0000000003001192        0x4 /opt/devkitpro/libtonc/lib/libtonc.a(tonc_input.o)
                0x0000000003001192                __key_curr
                0x0000000003001194                __key_prev
 *fill*         0x0000000003001196        0x2 
 .bss           0x0000000003001198        0x4 /opt/devkitpro/libtonc/lib/libtonc.a(tte_iohook.o)
 .bss.__malloc_current_mallinfo
                0x000000000300119c       0x28 /opt/devkitpro/devkitARM/bin/../lib/gcc/arm-none-eabi/12.2.0/../../../../arm-none-eabi/lib/thumb/libc.a(lib_a-mallocr.o)
                0x000000000300119c                __malloc_current_mallinfo
 .bss.__malloc_max_total_mem
                0x00000000030011c4        0x4 /opt/devkitpro/devkitARM/bin/../lib/gcc/arm-none-eabi/12.2.0/../../../../arm-none-eabi/lib/thumb/libc.a(lib_a-mallocr.o)
                0x00000000030011c4                __malloc_max_total_mem
 .bss.__malloc_max_sbrked_mem
                0x00000000030011c8        0x4 /opt/devkitpro/devkitARM/bin/../lib/gcc/arm-none-eabi/12.2.0/../../../../arm-none-eabi/lib/thumb/libc.a(lib_a-mallocr.o)
                0x00000000030011c8                __malloc_max_sbrked_mem
 .bss.__malloc_top_pad
                0x00000000030011cc        0x4 /opt/devkitpro/devkitARM/bin/../lib/gcc/arm-none-eabi/12.2.0/../../../../arm-none-eabi/lib/thumb/libc.a(lib_a-mallocr.o)
                0x00000000030011cc                __malloc_top_pad
 .bss.__malloc_recursive_mutex
                0x00000000030011d0        0xc /opt/devkitpro/devkitARM/bin/../lib/gcc/arm-none-eabi/12.2.0/../../../../arm-none-eabi/lib/thumb/libc.a(lib_a-mlock.o)
 .bss.__sinit_recursive_mutex
                0x00000000030011dc        0xc /opt/devkitpro/devkitARM/bin/../lib/gcc/arm-none-eabi/12.2.0/../../../../arm-none-eabi/lib/thumb/libc.a(lib_a-findfp.o)
 .bss.__sfp_recursive_mutex
                0x00000000030011e8        0xc /opt/devkitpro/devkitARM/bin/../lib/gcc/arm-none-eabi/12.2.0/../../../../arm-none-eabi/lib/thumb/libc.a(lib_a-findfp.o)
 .bss.heap_start.0
                0x00000000030011f4        0x4 /opt/devkitpro/devkitARM/bin/../lib/gcc/arm-none-eabi/12.2.0/../../../../arm-none-eabi/lib/thumb/libsysbase.a(sbrk.o)
 .bss.fake_heap_start
                0x00000000030011f8        0x4 /opt/devkitpro/devkitARM/bin/../lib/gcc/arm-none-eabi/12.2.0/../../../../arm-none-eabi/lib/thumb/libsysbase.a(malloc_vars.o)
                0x00000000030011f8                fake_heap_start
 .bss.fake_heap_end
                0x00000000030011fc        0x4 /opt/devkitpro/devkitARM/bin/../lib/gcc/arm-none-eabi/12.2.0/../../../../arm-none-eabi/lib/thumb/libsysbase.a(malloc_vars.o)
                0x00000000030011fc                fake_heap_end
 .bss.__hndl_lock
                0x0000000003001200        0x4 /opt/devkitpro/devkitARM/bin/../lib/gcc/arm-none-eabi/12.2.0/../../../../arm-none-eabi/lib/thumb/libsysbase.a(handle_manager.o)
 *(COMMON)
 COMMON         0x0000000003001204       0x78 /opt/devkitpro/libtonc/lib/libtonc.a(tonc_irq.o)
                0x0000000003001204                __isr_table
 COMMON         0x000000000300127c       0x48 /opt/devkitpro/libtonc/lib/libtonc.a(tte_main.o)
                0x000000000300127c                __tte_main_context
                0x00000000030012c4                . = ALIGN (0x4)
                0x00000000030012c4                __bss_end__ = ABSOLUTE (.)

.data           0x00000000030012c4     0x1ae0 load address 0x0000000008013b58
                0x00000000030012c4                __data_start__ = ABSOLUTE (.)
 *(.data*)
 .data          0x00000000030012c4        0xc src/logo.o
                0x00000000030012c4                logo_scene
 .data          0x00000000030012d0        0xc src/game.o
                0x00000000030012d0                game_scene
 .data          0x00000000030012dc        0x8 /home/julian/lib/dusk/src/dusk/lib/libdusk.a(sprites.o)
                0x00000000030012dc                sprites_bpp8
                0x00000000030012e0                obj_aff_buffer
 .data          0x00000000030012e4       0x1c /home/julian/lib/dusk/src/dusk/lib/libdusk.a(sys.o)
                0x00000000030012fc                _DUSK_LIB_VERSION
 .data          0x0000000003001300        0x8 /opt/devkitpro/libtonc/lib/libtonc.a(tonc_input.o)
                0x0000000003001300                __key_rpt
 .data          0x0000000003001308        0x4 /opt/devkitpro/libtonc/lib/libtonc.a(tte_main.o)
                0x0000000003001308                gp_tte_context
 .data.__malloc_sbrk_base
                0x000000000300130c        0x4 /opt/devkitpro/devkitARM/bin/../lib/gcc/arm-none-eabi/12.2.0/../../../../arm-none-eabi/lib/thumb/libc.a(lib_a-mallocr.o)
                0x000000000300130c                __malloc_sbrk_base
 .data.__malloc_trim_threshold
                0x0000000003001310        0x4 /opt/devkitpro/devkitARM/bin/../lib/gcc/arm-none-eabi/12.2.0/../../../../arm-none-eabi/lib/thumb/libc.a(lib_a-mallocr.o)
                0x0000000003001310                __malloc_trim_threshold
 *fill*         0x0000000003001314        0x4 ff
 .data.__malloc_av_
                0x0000000003001318      0x408 /opt/devkitpro/devkitARM/bin/../lib/gcc/arm-none-eabi/12.2.0/../../../../arm-none-eabi/lib/thumb/libc.a(lib_a-mallocr.o)
                0x0000000003001318                __malloc_av_
 .data._impure_ptr
                0x0000000003001720        0x4 /opt/devkitpro/devkitARM/bin/../lib/gcc/arm-none-eabi/12.2.0/../../../../arm-none-eabi/lib/thumb/libc.a(lib_a-impure.o)
                0x0000000003001720                _impure_ptr
 *fill*         0x0000000003001724        0x4 ff
 .data.impure_data
                0x0000000003001728      0x460 /opt/devkitpro/devkitARM/bin/../lib/gcc/arm-none-eabi/12.2.0/../../../../arm-none-eabi/lib/thumb/libc.a(lib_a-impure.o)
 .data.__global_locale
                0x0000000003001b88      0x16c /opt/devkitpro/devkitARM/bin/../lib/gcc/arm-none-eabi/12.2.0/../../../../arm-none-eabi/lib/thumb/libc.a(lib_a-locale.o)
                0x0000000003001b88                __global_locale
 .data.devoptab_list
                0x0000000003001cf4       0x8c /opt/devkitpro/devkitARM/bin/../lib/gcc/arm-none-eabi/12.2.0/../../../../arm-none-eabi/lib/thumb/libsysbase.a(iosupport.o)
                0x0000000003001cf4                devoptab_list
 .data.handles  0x0000000003001d80     0x1000 /opt/devkitpro/devkitARM/bin/../lib/gcc/arm-none-eabi/12.2.0/../../../../arm-none-eabi/lib/thumb/libsysbase.a(handle_manager.o)
 .data.__stderr_handle
                0x0000000003002d80        0xc /opt/devkitpro/devkitARM/bin/../lib/gcc/arm-none-eabi/12.2.0/../../../../arm-none-eabi/lib/thumb/libsysbase.a(handle_manager.o)
 .data.__stdout_handle
                0x0000000003002d8c        0xc /opt/devkitpro/devkitARM/bin/../lib/gcc/arm-none-eabi/12.2.0/../../../../arm-none-eabi/lib/thumb/libsysbase.a(handle_manager.o)
 .data.__stdin_handle
                0x0000000003002d98        0xc /opt/devkitpro/devkitARM/bin/../lib/gcc/arm-none-eabi/12.2.0/../../../../arm-none-eabi/lib/thumb/libsysbase.a(handle_manager.o)
 *(.gnu.linkonce.d*)
                0x0000000003002da4                . = ALIGN (0x4)
                0x0000000008015638                __preinit_lma = (__data_lma + SIZEOF (.data))

.igot.plt       0x0000000003002da4        0x0 load address 0x0000000008015638
 .igot.plt      0x0000000003002da4        0x0 /opt/devkitpro/devkitARM/bin/../lib/gcc/arm-none-eabi/12.2.0/../../../../arm-none-eabi/lib/thumb/gba_crt0.o

.preinit_array  0x0000000003002da4        0x0 load address 0x0000000008015638
                0x0000000003002da4                __preinit_array_start = ABSOLUTE (.)
 *(.preinit_array)
                0x0000000003002da4                __preinit_array_end = ABSOLUTE (.)
                0x0000000008015638                __init_lma = (__preinit_lma + SIZEOF (.preinit_array))

.init_array     0x0000000003002da4        0x4 load address 0x0000000008015638
                0x0000000003002da4                __init_array_start = ABSOLUTE (.)
 *(SORT_BY_NAME(.init_array.*))
 *(.init_array)
 .init_array    0x0000000003002da4        0x4 /opt/devkitpro/devkitARM/bin/../lib/gcc/arm-none-eabi/12.2.0/thumb/crtbegin.o
                0x0000000003002da8                __init_array_end = ABSOLUTE (.)
                0x000000000801563c                __fini_lma = (__init_lma + SIZEOF (.init_array))

.fini_array     0x0000000003002da8        0x4 load address 0x000000000801563c
                0x0000000003002da8                __fini_array_start = ABSOLUTE (.)
 *(SORT_BY_NAME(.fini_array.*))
 *(.fini_array)
 .fini_array    0x0000000003002da8        0x4 /opt/devkitpro/devkitARM/bin/../lib/gcc/arm-none-eabi/12.2.0/thumb/crtbegin.o
                0x0000000003002dac                __fini_array_end = ABSOLUTE (.)
                0x0000000008015640                __jcr_lma = (__fini_lma + SIZEOF (.fini_array))

.jcr
 *(.jcr)
                0x0000000003002dac                __data_end__ = ABSOLUTE (.)
                0x0000000008015640                __iwram_overlay_lma = (__jcr_lma + SIZEOF (.jcr))
                0x0000000003002dac                __iwram_overlay_start = .

.iwram0         0x0000000003002dac        0x0 load address 0x0000000008015640
 *(.iwram0)
                0x0000000003002dac                . = ALIGN (0x4)
                0x0000000008015640                PROVIDE (__load_start_iwram0 = LOADADDR (.iwram0))
                0x0000000008015640                PROVIDE (__load_stop_iwram0 = (LOADADDR (.iwram0) + SIZEOF (.iwram0)))

.iwram1         0x0000000003002dac        0x0
 *(.iwram1)
                0x0000000003002dac                . = ALIGN (0x4)
                [!provide]                        PROVIDE (__load_start_iwram1 = LOADADDR (.iwram1))
                [!provide]                        PROVIDE (__load_stop_iwram1 = (LOADADDR (.iwram1) + SIZEOF (.iwram1)))

.iwram2         0x0000000003002dac        0x0
 *(.iwram2)
                0x0000000003002dac                . = ALIGN (0x4)
                [!provide]                        PROVIDE (__load_start_iwram2 = LOADADDR (.iwram2))
                [!provide]                        PROVIDE (__load_stop_iwram2 = (LOADADDR (.iwram2) + SIZEOF (.iwram2)))

.iwram3         0x0000000003002dac        0x0
 *(.iwram3)
                0x0000000003002dac                . = ALIGN (0x4)
                [!provide]                        PROVIDE (__load_start_iwram3 = LOADADDR (.iwram3))
                [!provide]                        PROVIDE (__load_stop_iwram3 = (LOADADDR (.iwram3) + SIZEOF (.iwram3)))

.iwram4         0x0000000003002dac        0x0
 *(.iwram4)
                0x0000000003002dac                . = ALIGN (0x4)
                [!provide]                        PROVIDE (__load_start_iwram4 = LOADADDR (.iwram4))
                [!provide]                        PROVIDE (__load_stop_iwram4 = (LOADADDR (.iwram4) + SIZEOF (.iwram4)))

.iwram5         0x0000000003002dac        0x0
 *(.iwram5)
                0x0000000003002dac                . = ALIGN (0x4)
                [!provide]                        PROVIDE (__load_start_iwram5 = LOADADDR (.iwram5))
                [!provide]                        PROVIDE (__load_stop_iwram5 = (LOADADDR (.iwram5) + SIZEOF (.iwram5)))

.iwram6         0x0000000003002dac        0x0
 *(.iwram6)
                0x0000000003002dac                . = ALIGN (0x4)
                [!provide]                        PROVIDE (__load_start_iwram6 = LOADADDR (.iwram6))
                [!provide]                        PROVIDE (__load_stop_iwram6 = (LOADADDR (.iwram6) + SIZEOF (.iwram6)))

.iwram7         0x0000000003002dac        0x0
 *(.iwram7)
                0x0000000003002dac                . = ALIGN (0x4)
                [!provide]                        PROVIDE (__load_start_iwram7 = LOADADDR (.iwram7))
                [!provide]                        PROVIDE (__load_stop_iwram7 = (LOADADDR (.iwram7) + SIZEOF (.iwram7)))

.iwram8         0x0000000003002dac        0x0
 *(.iwram8)
                0x0000000003002dac                . = ALIGN (0x4)
                [!provide]                        PROVIDE (__load_start_iwram8 = LOADADDR (.iwram8))
                [!provide]                        PROVIDE (__load_stop_iwram8 = (LOADADDR (.iwram8) + SIZEOF (.iwram8)))

.iwram9         0x0000000003002dac        0x0
 *(.iwram9)
                0x0000000003002dac                . = ALIGN (0x4)
                [!provide]                        PROVIDE (__load_start_iwram9 = LOADADDR (.iwram9))
                [!provide]                        PROVIDE (__load_stop_iwram9 = (LOADADDR (.iwram9) + SIZEOF (.iwram9)))
                0x0000000003002dac                __iwram_overlay_end = .
                0x0000000008015640                __ewram_lma = (__iwram_overlay_lma + (__iwram_overlay_end - __iwram_overlay_start))
                0x0000000003002dac                __iheap_start = .
                0x0000000002000000                __ewram_start = ORIGIN (ewram)

.ewram          0x0000000002000000      0x95c load address 0x0000000008015640
 *(.ewram*)
 .ewram         0x0000000002000000      0x900 /home/julian/lib/dusk/src/dusk/lib/libdusk.a(sprites.o)
                0x0000000002000000                sprites
                0x0000000002000500                obj_buffer
 .ewram         0x0000000002000900       0x5c /opt/devkitpro/libtonc/lib/libtonc.a(tonc_nocash.o)
                0x0000000002000900                nocash_message
                0x0000000002000908                nocash_buffer
                0x000000000200095c                . = ALIGN (0x4)
                0x000000000200095c                __ewram_end = ABSOLUTE (.)
                0x0000000008015f9c                __pad_lma = (__ewram_lma + SIZEOF (.ewram))

.sbss           0x000000000200095c        0x0
                0x000000000200095c                __sbss_start__ = ABSOLUTE (.)
 *(.sbss*)
                0x000000000200095c                . = ALIGN (0x4)
                0x000000000200095c                __sbss_end__ = ABSOLUTE (.)
                0x000000000200095c                __end__ = ABSOLUTE (.)
                0x000000000200095c                __eheap_start = ABSOLUTE (.)

.pad            0x000000000200095c        0x8 load address 0x0000000008015f9c
                0x000000000200095c        0x4 LONG 0x52416b64
                0x0000000002000960        0x4 LONG 0x4d
                0x0000000002000964                . = ALIGN (0x4)
                0x0000000008015fa4                __rom_end__ = (__pad_lma + SIZEOF (.pad))

.rel.dyn        0x0000000002000964        0x0 load address 0x0000000008015fa4
 .rel.iplt      0x0000000002000964        0x0 /opt/devkitpro/devkitARM/bin/../lib/gcc/arm-none-eabi/12.2.0/../../../../arm-none-eabi/lib/thumb/gba_crt0.o

.stab
 *(.stab)

.stabstr
 *(.stabstr)

.stab.excl
 *(.stab.excl)

.stab.exclstr
 *(.stab.exclstr)

.stab.index
 *(.stab.index)

.stab.indexstr
 *(.stab.indexstr)

.comment        0x0000000000000000       0x45
 *(.comment)
 .comment       0x0000000000000000       0x23 /opt/devkitpro/devkitARM/bin/../lib/gcc/arm-none-eabi/12.2.0/thumb/crtbegin.o
                                         0x24 (size before relaxing)
 .comment       0x0000000000000023       0x24 src/tonc_mgba.o
 .comment       0x0000000000000023       0x24 src/logo.o
 .comment       0x0000000000000023       0x24 src/game.o
 .comment       0x0000000000000023       0x24 src/main.o
 .comment       0x0000000000000023       0x24 /home/julian/lib/dusk/src/dusk/lib/libdusk.a(load.o)
 .comment       0x0000000000000023       0x24 /home/julian/lib/dusk/src/dusk/lib/libdusk.a(sprites.o)
 .comment       0x0000000000000023       0x24 /home/julian/lib/dusk/src/dusk/lib/libdusk.a(sys.o)
 .comment       0x0000000000000023       0x24 /home/julian/lib/dusk/src/dusk/lib/libdusk.a(initMapRegisters.o)
 .comment       0x0000000000000023       0x24 /home/julian/lib/dusk/src/dusk/lib/libdusk.a(libgbfs.o)
 .comment       0x0000000000000023       0x24 /home/julian/lib/dusk/src/dusk/lib/libdusk.a(loadMapFromROM.o)
 .comment       0x0000000000000023       0x24 /home/julian/lib/dusk/src/dusk/lib/libdusk.a(loadObject.o)
 .comment       0x0000000000000023       0x24 /home/julian/lib/dusk/src/dusk/lib/libdusk.a(loadObjectID.o)
 .comment       0x0000000000000023       0x24 /home/julian/lib/dusk/src/dusk/lib/libdusk.a(loadPosition.o)
 .comment       0x0000000000000023       0x24 /home/julian/lib/dusk/src/dusk/lib/libdusk.a(loadString.o)
 .comment       0x0000000000000023       0x24 /home/julian/lib/dusk/src/dusk/lib/libdusk.a(popValue.o)
 .comment       0x0000000000000023       0x24 /home/julian/lib/dusk/src/dusk/lib/libdusk.a(setMapOnScreen.o)
 .comment       0x0000000000000023       0x24 /home/julian/lib/dusk/src/dusk/lib/libdusk.a(shiftMap.o)
 .comment       0x0000000000000023       0x24 /home/julian/lib/dusk/src/dusk/lib/libdusk.a(shiftMapLayer.o)
 .comment       0x0000000000000023       0x22 /opt/devkitpro/libtonc/lib/libtonc.a(tonc_color.o)
                                         0x23 (size before relaxing)
 .comment       0x0000000000000045       0x23 /opt/devkitpro/libtonc/lib/libtonc.a(tonc_irq.o)
 .comment       0x0000000000000045       0x23 /opt/devkitpro/libtonc/lib/libtonc.a(tonc_oam.o)
 .comment       0x0000000000000045       0x23 /opt/devkitpro/libtonc/lib/libtonc.a(tonc_input.o)
 .comment       0x0000000000000045       0x23 /opt/devkitpro/libtonc/lib/libtonc.a(tte_init_chr4c.o)
 .comment       0x0000000000000045       0x23 /opt/devkitpro/libtonc/lib/libtonc.a(tte_main.o)
 .comment       0x0000000000000045       0x23 /opt/devkitpro/libtonc/lib/libtonc.a(chr4c_drawg_b1cts.o)
 .comment       0x0000000000000045       0x23 /opt/devkitpro/libtonc/lib/libtonc.a(tte_iohook.o)
 .comment       0x0000000000000045       0x23 /opt/devkitpro/libtonc/lib/libtonc.a(tonc_schr4c.o)
 .comment       0x0000000000000045       0x23 /opt/devkitpro/libtonc/lib/libtonc.a(tonc_surface.o)
 .comment       0x0000000000000045       0x24 /opt/devkitpro/devkitARM/bin/../lib/gcc/arm-none-eabi/12.2.0/../../../../arm-none-eabi/lib/thumb/libc.a(lib_a-assert.o)
 .comment       0x0000000000000045       0x24 /opt/devkitpro/devkitARM/bin/../lib/gcc/arm-none-eabi/12.2.0/../../../../arm-none-eabi/lib/thumb/libc.a(lib_a-bsearch.o)
 .comment       0x0000000000000045       0x24 /opt/devkitpro/devkitARM/bin/../lib/gcc/arm-none-eabi/12.2.0/../../../../arm-none-eabi/lib/thumb/libc.a(lib_a-ctype_.o)
 .comment       0x0000000000000045       0x24 /opt/devkitpro/devkitARM/bin/../lib/gcc/arm-none-eabi/12.2.0/../../../../arm-none-eabi/lib/thumb/libc.a(lib_a-fiprintf.o)
 .comment       0x0000000000000045       0x24 /opt/devkitpro/devkitARM/bin/../lib/gcc/arm-none-eabi/12.2.0/../../../../arm-none-eabi/lib/thumb/libc.a(lib_a-init.o)
 .comment       0x0000000000000045       0x24 /opt/devkitpro/devkitARM/bin/../lib/gcc/arm-none-eabi/12.2.0/../../../../arm-none-eabi/lib/thumb/libc.a(lib_a-iprintf.o)
 .comment       0x0000000000000045       0x24 /opt/devkitpro/devkitARM/bin/../lib/gcc/arm-none-eabi/12.2.0/../../../../arm-none-eabi/lib/thumb/libc.a(lib_a-malloc.o)
 .comment       0x0000000000000045       0x24 /opt/devkitpro/devkitARM/bin/../lib/gcc/arm-none-eabi/12.2.0/../../../../arm-none-eabi/lib/thumb/libc.a(lib_a-mallocr.o)
 .comment       0x0000000000000045       0x24 /opt/devkitpro/devkitARM/bin/../lib/gcc/arm-none-eabi/12.2.0/../../../../arm-none-eabi/lib/thumb/libc.a(lib_a-memcmp.o)
 .comment       0x0000000000000045       0x24 /opt/devkitpro/devkitARM/bin/../lib/gcc/arm-none-eabi/12.2.0/../../../../arm-none-eabi/lib/thumb/libc.a(lib_a-memcpy-stub.o)
 .comment       0x0000000000000045       0x24 /opt/devkitpro/devkitARM/bin/../lib/gcc/arm-none-eabi/12.2.0/../../../../arm-none-eabi/lib/thumb/libc.a(lib_a-memset.o)
 .comment       0x0000000000000045       0x24 /opt/devkitpro/devkitARM/bin/../lib/gcc/arm-none-eabi/12.2.0/../../../../arm-none-eabi/lib/thumb/libc.a(lib_a-mlock.o)
 .comment       0x0000000000000045       0x24 /opt/devkitpro/devkitARM/bin/../lib/gcc/arm-none-eabi/12.2.0/../../../../arm-none-eabi/lib/thumb/libc.a(lib_a-setvbuf.o)
 .comment       0x0000000000000045       0x24 /opt/devkitpro/devkitARM/bin/../lib/gcc/arm-none-eabi/12.2.0/../../../../arm-none-eabi/lib/thumb/libc.a(lib_a-siscanf.o)
 .comment       0x0000000000000045       0x24 /opt/devkitpro/devkitARM/bin/../lib/gcc/arm-none-eabi/12.2.0/../../../../arm-none-eabi/lib/thumb/libc.a(lib_a-stdio.o)
 .comment       0x0000000000000045       0x24 /opt/devkitpro/devkitARM/bin/../lib/gcc/arm-none-eabi/12.2.0/../../../../arm-none-eabi/lib/thumb/libc.a(lib_a-stpcpy.o)
 .comment       0x0000000000000045       0x24 /opt/devkitpro/devkitARM/bin/../lib/gcc/arm-none-eabi/12.2.0/../../../../arm-none-eabi/lib/thumb/libc.a(lib_a-strlen-stub.o)
 .comment       0x0000000000000045       0x24 /opt/devkitpro/devkitARM/bin/../lib/gcc/arm-none-eabi/12.2.0/../../../../arm-none-eabi/lib/thumb/libc.a(lib_a-strncmp.o)
 .comment       0x0000000000000045       0x24 /opt/devkitpro/devkitARM/bin/../lib/gcc/arm-none-eabi/12.2.0/../../../../arm-none-eabi/lib/thumb/libc.a(lib_a-strncpy.o)
 .comment       0x0000000000000045       0x24 /opt/devkitpro/devkitARM/bin/../lib/gcc/arm-none-eabi/12.2.0/../../../../arm-none-eabi/lib/thumb/libc.a(lib_a-strtol.o)
 .comment       0x0000000000000045       0x24 /opt/devkitpro/devkitARM/bin/../lib/gcc/arm-none-eabi/12.2.0/../../../../arm-none-eabi/lib/thumb/libc.a(lib_a-svfiscanf.o)
 .comment       0x0000000000000045       0x24 /opt/devkitpro/devkitARM/bin/../lib/gcc/arm-none-eabi/12.2.0/../../../../arm-none-eabi/lib/thumb/libc.a(lib_a-ungetc.o)
 .comment       0x0000000000000045       0x24 /opt/devkitpro/devkitARM/bin/../lib/gcc/arm-none-eabi/12.2.0/../../../../arm-none-eabi/lib/thumb/libc.a(lib_a-vfiprintf.o)
 .comment       0x0000000000000045       0x24 /opt/devkitpro/devkitARM/bin/../lib/gcc/arm-none-eabi/12.2.0/../../../../arm-none-eabi/lib/thumb/libc.a(lib_a-wcrtomb.o)
 .comment       0x0000000000000045       0x24 /opt/devkitpro/devkitARM/bin/../lib/gcc/arm-none-eabi/12.2.0/../../../../arm-none-eabi/lib/thumb/libc.a(lib_a-wcsrtombs.o)
 .comment       0x0000000000000045       0x24 /opt/devkitpro/devkitARM/bin/../lib/gcc/arm-none-eabi/12.2.0/../../../../arm-none-eabi/lib/thumb/libc.a(lib_a-wsetup.o)
 .comment       0x0000000000000045       0x24 /opt/devkitpro/devkitARM/bin/../lib/gcc/arm-none-eabi/12.2.0/../../../../arm-none-eabi/lib/thumb/libc.a(lib_a-abort.o)
 .comment       0x0000000000000045       0x24 /opt/devkitpro/devkitARM/bin/../lib/gcc/arm-none-eabi/12.2.0/../../../../arm-none-eabi/lib/thumb/libc.a(lib_a-errno.o)
 .comment       0x0000000000000045       0x24 /opt/devkitpro/devkitARM/bin/../lib/gcc/arm-none-eabi/12.2.0/../../../../arm-none-eabi/lib/thumb/libc.a(lib_a-fflush.o)
 .comment       0x0000000000000045       0x24 /opt/devkitpro/devkitARM/bin/../lib/gcc/arm-none-eabi/12.2.0/../../../../arm-none-eabi/lib/thumb/libc.a(lib_a-findfp.o)
 .comment       0x0000000000000045       0x24 /opt/devkitpro/devkitARM/bin/../lib/gcc/arm-none-eabi/12.2.0/../../../../arm-none-eabi/lib/thumb/libc.a(lib_a-freer.o)
 .comment       0x0000000000000045       0x24 /opt/devkitpro/devkitARM/bin/../lib/gcc/arm-none-eabi/12.2.0/../../../../arm-none-eabi/lib/thumb/libc.a(lib_a-fvwrite.o)
 .comment       0x0000000000000045       0x24 /opt/devkitpro/devkitARM/bin/../lib/gcc/arm-none-eabi/12.2.0/../../../../arm-none-eabi/lib/thumb/libc.a(lib_a-fwalk.o)
 .comment       0x0000000000000045       0x24 /opt/devkitpro/devkitARM/bin/../lib/gcc/arm-none-eabi/12.2.0/../../../../arm-none-eabi/lib/thumb/libc.a(lib_a-impure.o)
 .comment       0x0000000000000045       0x24 /opt/devkitpro/devkitARM/bin/../lib/gcc/arm-none-eabi/12.2.0/../../../../arm-none-eabi/lib/thumb/libc.a(lib_a-iswspace.o)
 .comment       0x0000000000000045       0x24 /opt/devkitpro/devkitARM/bin/../lib/gcc/arm-none-eabi/12.2.0/../../../../arm-none-eabi/lib/thumb/libc.a(lib_a-localeconv.o)
 .comment       0x0000000000000045       0x24 /opt/devkitpro/devkitARM/bin/../lib/gcc/arm-none-eabi/12.2.0/../../../../arm-none-eabi/lib/thumb/libc.a(lib_a-locale.o)
 .comment       0x0000000000000045       0x24 /opt/devkitpro/devkitARM/bin/../lib/gcc/arm-none-eabi/12.2.0/../../../../arm-none-eabi/lib/thumb/libc.a(lib_a-makebuf.o)
 .comment       0x0000000000000045       0x24 /opt/devkitpro/devkitARM/bin/../lib/gcc/arm-none-eabi/12.2.0/../../../../arm-none-eabi/lib/thumb/libc.a(lib_a-mbrtowc.o)
 .comment       0x0000000000000045       0x24 /opt/devkitpro/devkitARM/bin/../lib/gcc/arm-none-eabi/12.2.0/../../../../arm-none-eabi/lib/thumb/libc.a(lib_a-mbtowc_r.o)
 .comment       0x0000000000000045       0x24 /opt/devkitpro/devkitARM/bin/../lib/gcc/arm-none-eabi/12.2.0/../../../../arm-none-eabi/lib/thumb/libc.a(lib_a-memchr-stub.o)
 .comment       0x0000000000000045       0x24 /opt/devkitpro/devkitARM/bin/../lib/gcc/arm-none-eabi/12.2.0/../../../../arm-none-eabi/lib/thumb/libc.a(lib_a-memmove.o)
 .comment       0x0000000000000045       0x24 /opt/devkitpro/devkitARM/bin/../lib/gcc/arm-none-eabi/12.2.0/../../../../arm-none-eabi/lib/thumb/libc.a(lib_a-realloc.o)
 .comment       0x0000000000000045       0x24 /opt/devkitpro/devkitARM/bin/../lib/gcc/arm-none-eabi/12.2.0/../../../../arm-none-eabi/lib/thumb/libc.a(lib_a-reallocr.o)
 .comment       0x0000000000000045       0x24 /opt/devkitpro/devkitARM/bin/../lib/gcc/arm-none-eabi/12.2.0/../../../../arm-none-eabi/lib/thumb/libc.a(lib_a-sccl.o)
 .comment       0x0000000000000045       0x24 /opt/devkitpro/devkitARM/bin/../lib/gcc/arm-none-eabi/12.2.0/../../../../arm-none-eabi/lib/thumb/libc.a(lib_a-signal.o)
 .comment       0x0000000000000045       0x24 /opt/devkitpro/devkitARM/bin/../lib/gcc/arm-none-eabi/12.2.0/../../../../arm-none-eabi/lib/thumb/libc.a(lib_a-strtoll.o)
 .comment       0x0000000000000045       0x24 /opt/devkitpro/devkitARM/bin/../lib/gcc/arm-none-eabi/12.2.0/../../../../arm-none-eabi/lib/thumb/libc.a(lib_a-strtoull.o)
 .comment       0x0000000000000045       0x24 /opt/devkitpro/devkitARM/bin/../lib/gcc/arm-none-eabi/12.2.0/../../../../arm-none-eabi/lib/thumb/libc.a(lib_a-strtoul.o)
 .comment       0x0000000000000045       0x24 /opt/devkitpro/devkitARM/bin/../lib/gcc/arm-none-eabi/12.2.0/../../../../arm-none-eabi/lib/thumb/libc.a(lib_a-svfiprintf.o)
 .comment       0x0000000000000045       0x24 /opt/devkitpro/devkitARM/bin/../lib/gcc/arm-none-eabi/12.2.0/../../../../arm-none-eabi/lib/thumb/libc.a(lib_a-wcsnrtombs.o)
 .comment       0x0000000000000045       0x24 /opt/devkitpro/devkitARM/bin/../lib/gcc/arm-none-eabi/12.2.0/../../../../arm-none-eabi/lib/thumb/libc.a(lib_a-wctomb_r.o)
 .comment       0x0000000000000045       0x24 /opt/devkitpro/devkitARM/bin/../lib/gcc/arm-none-eabi/12.2.0/../../../../arm-none-eabi/lib/thumb/libc.a(lib_a-fclose.o)
 .comment       0x0000000000000045       0x24 /opt/devkitpro/devkitARM/bin/../lib/gcc/arm-none-eabi/12.2.0/../../../../arm-none-eabi/lib/thumb/libc.a(lib_a-iswspace_l.o)
 .comment       0x0000000000000045       0x24 /opt/devkitpro/devkitARM/bin/../lib/gcc/arm-none-eabi/12.2.0/../../../../arm-none-eabi/lib/thumb/libc.a(lib_a-jp2uc.o)
 .comment       0x0000000000000045       0x24 /opt/devkitpro/devkitARM/bin/../lib/gcc/arm-none-eabi/12.2.0/../../../../arm-none-eabi/lib/thumb/libc.a(lib_a-categories.o)
 .comment       0x0000000000000045       0x24 /opt/devkitpro/devkitARM/bin/../lib/gcc/arm-none-eabi/12.2.0/../../../../arm-none-eabi/lib/thumb/libsysbase.a(iosupport.o)
 .comment       0x0000000000000045       0x24 /opt/devkitpro/devkitARM/bin/../lib/gcc/arm-none-eabi/12.2.0/../../../../arm-none-eabi/lib/thumb/libsysbase.a(fstat.o)
 .comment       0x0000000000000045       0x24 /opt/devkitpro/devkitARM/bin/../lib/gcc/arm-none-eabi/12.2.0/../../../../arm-none-eabi/lib/thumb/libsysbase.a(getpid.o)
 .comment       0x0000000000000045       0x24 /opt/devkitpro/devkitARM/bin/../lib/gcc/arm-none-eabi/12.2.0/../../../../arm-none-eabi/lib/thumb/libsysbase.a(isatty.o)
 .comment       0x0000000000000045       0x24 /opt/devkitpro/devkitARM/bin/../lib/gcc/arm-none-eabi/12.2.0/../../../../arm-none-eabi/lib/thumb/libsysbase.a(kill.o)
 .comment       0x0000000000000045       0x24 /opt/devkitpro/devkitARM/bin/../lib/gcc/arm-none-eabi/12.2.0/../../../../arm-none-eabi/lib/thumb/libsysbase.a(lseek.o)
 .comment       0x0000000000000045       0x24 /opt/devkitpro/devkitARM/bin/../lib/gcc/arm-none-eabi/12.2.0/../../../../arm-none-eabi/lib/thumb/libsysbase.a(read.o)
 .comment       0x0000000000000045       0x24 /opt/devkitpro/devkitARM/bin/../lib/gcc/arm-none-eabi/12.2.0/../../../../arm-none-eabi/lib/thumb/libsysbase.a(sbrk.o)
 .comment       0x0000000000000045       0x24 /opt/devkitpro/devkitARM/bin/../lib/gcc/arm-none-eabi/12.2.0/../../../../arm-none-eabi/lib/thumb/libsysbase.a(write.o)
 .comment       0x0000000000000045       0x24 /opt/devkitpro/devkitARM/bin/../lib/gcc/arm-none-eabi/12.2.0/../../../../arm-none-eabi/lib/thumb/libsysbase.a(_exit.o)
 .comment       0x0000000000000045       0x24 /opt/devkitpro/devkitARM/bin/../lib/gcc/arm-none-eabi/12.2.0/../../../../arm-none-eabi/lib/thumb/libsysbase.a(malloc_vars.o)
 .comment       0x0000000000000045       0x24 /opt/devkitpro/devkitARM/bin/../lib/gcc/arm-none-eabi/12.2.0/../../../../arm-none-eabi/lib/thumb/libsysbase.a(flock.o)
 .comment       0x0000000000000045       0x24 /opt/devkitpro/devkitARM/bin/../lib/gcc/arm-none-eabi/12.2.0/../../../../arm-none-eabi/lib/thumb/libsysbase.a(handle_manager.o)
 .comment       0x0000000000000045       0x24 /opt/devkitpro/devkitARM/bin/../lib/gcc/arm-none-eabi/12.2.0/../../../../arm-none-eabi/lib/thumb/libsysbase.a(getreent.o)
 .comment       0x0000000000000045       0x24 /opt/devkitpro/devkitARM/bin/../lib/gcc/arm-none-eabi/12.2.0/../../../../arm-none-eabi/lib/thumb/libsysbase.a(syscall_support.o)
 .comment       0x0000000000000045       0x24 /opt/devkitpro/devkitARM/bin/../lib/gcc/arm-none-eabi/12.2.0/thumb/libgcc.a(_muldi3.o)
 .comment       0x0000000000000045       0x24 /opt/devkitpro/devkitARM/bin/../lib/gcc/arm-none-eabi/12.2.0/thumb/libgcc.a(_udivmoddi4.o)
 .comment       0x0000000000000045       0x24 /opt/devkitpro/devkitARM/bin/../lib/gcc/arm-none-eabi/12.2.0/thumb/crtend.o

.debug
 *(.debug)

.line
 *(.line)

.debug_srcinfo
 *(.debug_srcinfo)

.debug_sfnames
 *(.debug_sfnames)

.debug_aranges
 *(.debug_aranges)

.debug_pubnames
 *(.debug_pubnames)

.debug_info
 *(.debug_info)

.debug_abbrev
 *(.debug_abbrev)

.debug_line
 *(.debug_line)

.debug_frame
 *(.debug_frame)

.debug_str
 *(.debug_str)

.debug_loc
 *(.debug_loc)

.debug_macinfo
 *(.debug_macinfo)

.debug_weaknames
 *(.debug_weaknames)

.debug_funcnames
 *(.debug_funcnames)

.debug_typenames
 *(.debug_typenames)

.debug_varnames
 *(.debug_varnames)

.stack          0x0000000000080000        0x0
                0x0000000000080000                _stack = .
 *(.stack)

.note.gnu.arm.ident
 *(.note.gnu.arm.ident)

.ARM.attributes
                0x0000000000000000       0x2c
 *(.ARM.attributes)
 .ARM.attributes
                0x0000000000000000       0x20 /opt/devkitpro/devkitARM/bin/../lib/gcc/arm-none-eabi/12.2.0/../../../../arm-none-eabi/lib/thumb/gba_crt0.o
 .ARM.attributes
                0x0000000000000020       0x1c /opt/devkitpro/devkitARM/bin/../lib/gcc/arm-none-eabi/12.2.0/thumb/crti.o
 .ARM.attributes
                0x000000000000003c       0x2a /opt/devkitpro/devkitARM/bin/../lib/gcc/arm-none-eabi/12.2.0/thumb/crtbegin.o
 .ARM.attributes
                0x0000000000000066       0x26 src/tonc_mgba.o
 .ARM.attributes
                0x000000000000008c       0x26 src/logo.o
 .ARM.attributes
                0x00000000000000b2       0x26 src/game.o
 .ARM.attributes
                0x00000000000000d8       0x26 src/main.o
 .ARM.attributes
                0x00000000000000fe       0x2a /home/julian/lib/dusk/src/dusk/lib/libdusk.a(load.o)
 .ARM.attributes
                0x0000000000000128       0x2a /home/julian/lib/dusk/src/dusk/lib/libdusk.a(sprites.o)
 .ARM.attributes
                0x0000000000000152       0x2a /home/julian/lib/dusk/src/dusk/lib/libdusk.a(sys.o)
 .ARM.attributes
                0x000000000000017c       0x2a /home/julian/lib/dusk/src/dusk/lib/libdusk.a(initMapRegisters.o)
 .ARM.attributes
                0x00000000000001a6       0x2a /home/julian/lib/dusk/src/dusk/lib/libdusk.a(libgbfs.o)
 .ARM.attributes
                0x00000000000001d0       0x2a /home/julian/lib/dusk/src/dusk/lib/libdusk.a(loadMapFromROM.o)
 .ARM.attributes
                0x00000000000001fa       0x2a /home/julian/lib/dusk/src/dusk/lib/libdusk.a(loadObject.o)
 .ARM.attributes
                0x0000000000000224       0x2a /home/julian/lib/dusk/src/dusk/lib/libdusk.a(loadObjectID.o)
 .ARM.attributes
                0x000000000000024e       0x2a /home/julian/lib/dusk/src/dusk/lib/libdusk.a(loadPosition.o)
 .ARM.attributes
                0x0000000000000278       0x2a /home/julian/lib/dusk/src/dusk/lib/libdusk.a(loadString.o)
 .ARM.attributes
                0x00000000000002a2       0x2a /home/julian/lib/dusk/src/dusk/lib/libdusk.a(popValue.o)
 .ARM.attributes
                0x00000000000002cc       0x2a /home/julian/lib/dusk/src/dusk/lib/libdusk.a(setMapOnScreen.o)
 .ARM.attributes
                0x00000000000002f6       0x2a /home/julian/lib/dusk/src/dusk/lib/libdusk.a(shiftMap.o)
 .ARM.attributes
                0x0000000000000320       0x2a /home/julian/lib/dusk/src/dusk/lib/libdusk.a(shiftMapLayer.o)
 .ARM.attributes
                0x000000000000034a       0x2a /opt/devkitpro/libtonc/lib/libtonc.a(tonc_color.o)
 .ARM.attributes
                0x0000000000000374       0x2a /opt/devkitpro/libtonc/lib/libtonc.a(tonc_irq.o)
 .ARM.attributes
                0x000000000000039e       0x2a /opt/devkitpro/libtonc/lib/libtonc.a(tonc_oam.o)
 .ARM.attributes
                0x00000000000003c8       0x2a /opt/devkitpro/libtonc/lib/libtonc.a(tonc_input.o)
 .ARM.attributes
                0x00000000000003f2       0x2a /opt/devkitpro/libtonc/lib/libtonc.a(tte_init_chr4c.o)
 .ARM.attributes
                0x000000000000041c       0x2a /opt/devkitpro/libtonc/lib/libtonc.a(tte_main.o)
 .ARM.attributes
                0x0000000000000446       0x2a /opt/devkitpro/libtonc/lib/libtonc.a(chr4c_drawg_b1cts.o)
 .ARM.attributes
                0x0000000000000470       0x2a /opt/devkitpro/libtonc/lib/libtonc.a(tte_iohook.o)
 .ARM.attributes
                0x000000000000049a       0x1a /opt/devkitpro/libtonc/lib/libtonc.a(tonc_bios.o)
 .ARM.attributes
                0x00000000000004b4       0x1a /opt/devkitpro/libtonc/lib/libtonc.a(tonc_memcpy.o)
 .ARM.attributes
                0x00000000000004ce       0x1a /opt/devkitpro/libtonc/lib/libtonc.a(tonc_bios_ex.o)
 .ARM.attributes
                0x00000000000004e8       0x1a /opt/devkitpro/libtonc/lib/libtonc.a(div_lut.o)
 .ARM.attributes
                0x0000000000000502       0x1a /opt/devkitpro/libtonc/lib/libtonc.a(tonc_nocash.o)
 .ARM.attributes
                0x000000000000051c       0x1a /opt/devkitpro/libtonc/lib/libtonc.a(tonc_isr_master.o)
 .ARM.attributes
                0x0000000000000536       0x1a /opt/devkitpro/libtonc/lib/libtonc.a(tonc_memset.o)
 .ARM.attributes
                0x0000000000000550       0x1a /opt/devkitpro/libtonc/lib/libtonc.a(verdana9.o)
 .ARM.attributes
                0x000000000000056a       0x1a /opt/devkitpro/libtonc/lib/libtonc.a(sys8.o)
 .ARM.attributes
                0x0000000000000584       0x2a /opt/devkitpro/libtonc/lib/libtonc.a(tonc_schr4c.o)
 .ARM.attributes
                0x00000000000005ae       0x2a /opt/devkitpro/libtonc/lib/libtonc.a(tonc_surface.o)
 .ARM.attributes
                0x00000000000005d8       0x1c /opt/devkitpro/devkitARM/bin/../lib/gcc/arm-none-eabi/12.2.0/thumb/libgcc.a(_udivsi3.o)
 .ARM.attributes
                0x00000000000005f4       0x1c /opt/devkitpro/devkitARM/bin/../lib/gcc/arm-none-eabi/12.2.0/thumb/libgcc.a(_divsi3.o)
 .ARM.attributes
                0x0000000000000610       0x1c /opt/devkitpro/devkitARM/bin/../lib/gcc/arm-none-eabi/12.2.0/thumb/libgcc.a(_dvmd_tls.o)
 .ARM.attributes
                0x000000000000062c       0x2a /opt/devkitpro/devkitARM/bin/../lib/gcc/arm-none-eabi/12.2.0/../../../../arm-none-eabi/lib/thumb/libc.a(lib_a-assert.o)
 .ARM.attributes
                0x0000000000000656       0x2a /opt/devkitpro/devkitARM/bin/../lib/gcc/arm-none-eabi/12.2.0/../../../../arm-none-eabi/lib/thumb/libc.a(lib_a-bsearch.o)
 .ARM.attributes
                0x0000000000000680       0x2a /opt/devkitpro/devkitARM/bin/../lib/gcc/arm-none-eabi/12.2.0/../../../../arm-none-eabi/lib/thumb/libc.a(lib_a-ctype_.o)
 .ARM.attributes
                0x00000000000006aa       0x2a /opt/devkitpro/devkitARM/bin/../lib/gcc/arm-none-eabi/12.2.0/../../../../arm-none-eabi/lib/thumb/libc.a(lib_a-fiprintf.o)
 .ARM.attributes
                0x00000000000006d4       0x2a /opt/devkitpro/devkitARM/bin/../lib/gcc/arm-none-eabi/12.2.0/../../../../arm-none-eabi/lib/thumb/libc.a(lib_a-init.o)
 .ARM.attributes
                0x00000000000006fe       0x2a /opt/devkitpro/devkitARM/bin/../lib/gcc/arm-none-eabi/12.2.0/../../../../arm-none-eabi/lib/thumb/libc.a(lib_a-iprintf.o)
 .ARM.attributes
                0x0000000000000728       0x2a /opt/devkitpro/devkitARM/bin/../lib/gcc/arm-none-eabi/12.2.0/../../../../arm-none-eabi/lib/thumb/libc.a(lib_a-malloc.o)
 .ARM.attributes
                0x0000000000000752       0x2a /opt/devkitpro/devkitARM/bin/../lib/gcc/arm-none-eabi/12.2.0/../../../../arm-none-eabi/lib/thumb/libc.a(lib_a-mallocr.o)
 .ARM.attributes
                0x000000000000077c       0x2a /opt/devkitpro/devkitARM/bin/../lib/gcc/arm-none-eabi/12.2.0/../../../../arm-none-eabi/lib/thumb/libc.a(lib_a-memcmp.o)
 .ARM.attributes
                0x00000000000007a6       0x2a /opt/devkitpro/devkitARM/bin/../lib/gcc/arm-none-eabi/12.2.0/../../../../arm-none-eabi/lib/thumb/libc.a(lib_a-memcpy-stub.o)
 .ARM.attributes
                0x00000000000007d0       0x2a /opt/devkitpro/devkitARM/bin/../lib/gcc/arm-none-eabi/12.2.0/../../../../arm-none-eabi/lib/thumb/libc.a(lib_a-memset.o)
 .ARM.attributes
                0x00000000000007fa       0x2a /opt/devkitpro/devkitARM/bin/../lib/gcc/arm-none-eabi/12.2.0/../../../../arm-none-eabi/lib/thumb/libc.a(lib_a-mlock.o)
 .ARM.attributes
                0x0000000000000824       0x2a /opt/devkitpro/devkitARM/bin/../lib/gcc/arm-none-eabi/12.2.0/../../../../arm-none-eabi/lib/thumb/libc.a(lib_a-setvbuf.o)
 .ARM.attributes
                0x000000000000084e       0x2a /opt/devkitpro/devkitARM/bin/../lib/gcc/arm-none-eabi/12.2.0/../../../../arm-none-eabi/lib/thumb/libc.a(lib_a-siscanf.o)
 .ARM.attributes
                0x0000000000000878       0x2a /opt/devkitpro/devkitARM/bin/../lib/gcc/arm-none-eabi/12.2.0/../../../../arm-none-eabi/lib/thumb/libc.a(lib_a-stdio.o)
 .ARM.attributes
                0x00000000000008a2       0x2a /opt/devkitpro/devkitARM/bin/../lib/gcc/arm-none-eabi/12.2.0/../../../../arm-none-eabi/lib/thumb/libc.a(lib_a-stpcpy.o)
 .ARM.attributes
                0x00000000000008cc       0x2a /opt/devkitpro/devkitARM/bin/../lib/gcc/arm-none-eabi/12.2.0/../../../../arm-none-eabi/lib/thumb/libc.a(lib_a-strlen-stub.o)
 .ARM.attributes
                0x00000000000008f6       0x2a /opt/devkitpro/devkitARM/bin/../lib/gcc/arm-none-eabi/12.2.0/../../../../arm-none-eabi/lib/thumb/libc.a(lib_a-strncmp.o)
 .ARM.attributes